ARM Linker, 5.02 [Build 28] [MDK-ARM Lite]

==============================================================================

Section Cross References

    startup_lpc17xx.o(RESET) refers to startup_lpc17xx.o(STACK) for __initial_sp
    startup_lpc17xx.o(RESET) refers to startup_lpc17xx.o(.text) for Reset_Handler
    startup_lpc17xx.o(RESET) refers to c:\Software\Keil\ARM\RV31\LIB\RTX_CM3.LIB(hal_cm3.o)(.emb_text) for SVC_Handler
    startup_lpc17xx.o(RESET) refers to uart.o(.text) for UART0_IRQHandler
    startup_lpc17xx.o(.text) refers to system_lpc17xx.o(.text) for SystemInit
    startup_lpc17xx.o(.text) refers to c:\Software\Keil\ARM\ARMCC\bin\..\lib\armlib\mc_w.l(entry.o)(.ARM.Collect$$$$00000000) for __main
    system_lpc17xx.o(.text) refers to c:\Software\Keil\ARM\ARMCC\bin\..\lib\armlib\mc_w.l(uldiv.o)(.text) for __aeabi_uldivmod
    system_lpc17xx.o(.text) refers to system_lpc17xx.o(.data) for SystemCoreClock
    glcd_scroll.o(.text) refers to glcd_spi_lpc1700.o(.text) for GLCD_Init
    glcd_scroll.o(.text) refers to glcd_scroll.o(i.last_line) for last_line
    glcd_scroll.o(.text) refers to glcd_scroll.o(i.last_window_line) for last_window_line
    glcd_scroll.o(.text) refers to glcd_scroll.o(.data) for cache_start
    glcd_scroll.o(.text) refers to glcd_scroll.o(.bss) for chache
    glcd_spi_lpc1700.o(.text) refers to glcd_spi_lpc1700.o(.data) for Himax
    glcd_spi_lpc1700.o(.text) refers to glcd_spi_lpc1700.o(.constdata) for Font_6x8_h
    retarget.o(.text) refers to uart.o(.text) for UARTInit
    retarget.o(.text) refers to retarget.o(.data) for uart_init_called
    uart.o(.text) refers to uart.o(.data) for RcvLock0
    uart.o(.text) refers to uart.o(.bss) for UART0Buffer
    uart.o(.text) refers to system_lpc17xx.o(.data) for SystemCoreClock
    main.o(.text) refers to glcd_spi_lpc1700.o(.text) for GLCD_SetTextColor
    main.o(.text) refers to main.o(.bss) for tank
    main.o(.text) refers to main.o(.data) for field
    main.o(.text) refers to c:\Software\Keil\ARM\RV31\LIB\RTX_CM3.LIB(rt_task.o)(i.rt_tsk_pass) for rt_tsk_pass
    main.o(.text) refers to c:\Software\Keil\ARM\RV31\LIB\RTX_CM3.LIB(rt_semaphore.o)(i.rt_sem_init) for rt_sem_init
    main.o(.text) refers to c:\Software\Keil\ARM\RV31\LIB\RTX_CM3.LIB(rt_task.o)(i.rt_tsk_create) for rt_tsk_create
    main.o(.text) refers to c:\Software\Keil\ARM\RV31\LIB\RTX_CM3.LIB(rt_task.o)(i.rt_tsk_delete) for rt_tsk_delete
    main.o(.text) refers to c:\Software\Keil\ARM\ARMCC\bin\..\lib\armlib\mc_w.l(printf1.o)(i.__0printf$1) for __2printf
    main.o(.text) refers to c:\Software\Keil\ARM\ARMCC\bin\..\lib\armlib\mc_w.l(rand.o)(.text) for rand
    main.o(.text) refers to c:\Software\Keil\ARM\RV31\LIB\RTX_CM3.LIB(hal_cm3.o)(.emb_text) for os_set_env
    main.o(.text) refers to c:\Software\Keil\ARM\RV31\LIB\RTX_CM3.LIB(rt_task.o)(i.rt_sys_init) for rt_sys_init
    c:\Software\Keil\ARM\RV31\LIB\RTX_CM3.LIB(rt_task.o)(i.rt_block) refers to c:\Software\Keil\ARM\RV31\LIB\RTX_CM3.LIB(rt_list.o)(i.rt_put_dly) for rt_put_dly
    c:\Software\Keil\ARM\RV31\LIB\RTX_CM3.LIB(rt_task.o)(i.rt_block) refers to c:\Software\Keil\ARM\RV31\LIB\RTX_CM3.LIB(rt_list.o)(i.rt_get_first) for rt_get_first
    c:\Software\Keil\ARM\RV31\LIB\RTX_CM3.LIB(rt_task.o)(i.rt_block) refers to c:\Software\Keil\ARM\RV31\LIB\RTX_CM3.LIB(rt_task.o)(i.rt_switch_req) for rt_switch_req
    c:\Software\Keil\ARM\RV31\LIB\RTX_CM3.LIB(rt_task.o)(i.rt_block) refers to c:\Software\Keil\ARM\RV31\LIB\RTX_CM3.LIB(rt_task.o)(.data) for .data
    c:\Software\Keil\ARM\RV31\LIB\RTX_CM3.LIB(rt_task.o)(i.rt_block) refers to c:\Software\Keil\ARM\RV31\LIB\RTX_CM3.LIB(rt_list.o)(.bss) for os_rdy
    c:\Software\Keil\ARM\RV31\LIB\RTX_CM3.LIB(rt_task.o)(i.rt_dispatch) refers to c:\Software\Keil\ARM\RV31\LIB\RTX_CM3.LIB(rt_list.o)(i.rt_put_rdy_first) for rt_put_rdy_first
    c:\Software\Keil\ARM\RV31\LIB\RTX_CM3.LIB(rt_task.o)(i.rt_dispatch) refers to c:\Software\Keil\ARM\RV31\LIB\RTX_CM3.LIB(rt_task.o)(i.rt_switch_req) for rt_switch_req
    c:\Software\Keil\ARM\RV31\LIB\RTX_CM3.LIB(rt_task.o)(i.rt_dispatch) refers to c:\Software\Keil\ARM\RV31\LIB\RTX_CM3.LIB(rt_list.o)(i.rt_get_first) for rt_get_first
    c:\Software\Keil\ARM\RV31\LIB\RTX_CM3.LIB(rt_task.o)(i.rt_dispatch) refers to c:\Software\Keil\ARM\RV31\LIB\RTX_CM3.LIB(rt_list.o)(i.rt_put_prio) for rt_put_prio
    c:\Software\Keil\ARM\RV31\LIB\RTX_CM3.LIB(rt_task.o)(i.rt_dispatch) refers to c:\Software\Keil\ARM\RV31\LIB\RTX_CM3.LIB(rt_task.o)(.data) for .data
    c:\Software\Keil\ARM\RV31\LIB\RTX_CM3.LIB(rt_task.o)(i.rt_dispatch) refers to c:\Software\Keil\ARM\RV31\LIB\RTX_CM3.LIB(rt_list.o)(.bss) for os_rdy
    c:\Software\Keil\ARM\RV31\LIB\RTX_CM3.LIB(rt_task.o)(i.rt_init_context) refers to c:\Software\Keil\ARM\RV31\LIB\RTX_CM3.LIB(rt_membox.o)(i.rt_alloc_box) for rt_alloc_box
[...]
    c:\Software\Keil\ARM\ARMCC\bin\..\lib\armlib\mc_w.l(printf6.o)(i.__0vsnprintf$6) refers to c:\Software\Keil\ARM\ARMCC\bin\..\lib\armlib\mc_w.l(printf6.o)(i._snputc) for _snputc
    c:\Software\Keil\ARM\ARMCC\bin\..\lib\armlib\mc_w.l(printf6.o)(i.__0vsprintf$6) refers to c:\Software\Keil\ARM\ARMCC\bin\..\lib\armlib\mc_w.l(printf6.o)(i._printf_core) for _printf_core
    c:\Software\Keil\ARM\ARMCC\bin\..\lib\armlib\mc_w.l(printf6.o)(i.__0vsprintf$6) refers to c:\Software\Keil\ARM\ARMCC\bin\..\lib\armlib\mc_w.l(printf6.o)(i._sputc) for _sputc
    c:\Software\Keil\ARM\ARMCC\bin\..\lib\armlib\mc_w.l(printf6.o)(i._printf_core) refers to c:\Software\Keil\ARM\ARMCC\bin\..\lib\armlib\mc_w.l(printf6.o)(i._printf_pre_padding) for _printf_pre_padding
    c:\Software\Keil\ARM\ARMCC\bin\..\lib\armlib\mc_w.l(printf6.o)(i._printf_core) refers to c:\Software\Keil\ARM\ARMCC\bin\..\lib\armlib\mc_w.l(uidiv.o)(.text) for __aeabi_uidivmod
    c:\Software\Keil\ARM\ARMCC\bin\..\lib\armlib\mc_w.l(printf6.o)(i._printf_core) refers to c:\Software\Keil\ARM\ARMCC\bin\..\lib\armlib\mc_w.l(printf6.o)(i._printf_post_padding) for _printf_post_padding
    c:\Software\Keil\ARM\ARMCC\bin\..\lib\armlib\mc_w.l(printf7.o)(i.__0fprintf$7) refers to c:\Software\Keil\ARM\ARMCC\bin\..\lib\armlib\mc_w.l(printf7.o)(i._printf_core) for _printf_core
    c:\Software\Keil\ARM\ARMCC\bin\..\lib\armlib\mc_w.l(printf7.o)(i.__0fprintf$7) refers to retarget.o(.text) for fputc
    c:\Software\Keil\ARM\ARMCC\bin\..\lib\armlib\mc_w.l(printf7.o)(i.__0printf$7) refers to c:\Software\Keil\ARM\ARMCC\bin\..\lib\armlib\mc_w.l(printf7.o)(i._printf_core) for _printf_core
    c:\Software\Keil\ARM\ARMCC\bin\..\lib\armlib\mc_w.l(printf7.o)(i.__0printf$7) refers to retarget.o(.text) for fputc
    c:\Software\Keil\ARM\ARMCC\bin\..\lib\armlib\mc_w.l(printf7.o)(i.__0printf$7) refers to retarget.o(.data) for __stdout
    c:\Software\Keil\ARM\ARMCC\bin\..\lib\armlib\mc_w.l(printf7.o)(i.__0snprintf$7) refers to c:\Software\Keil\ARM\ARMCC\bin\..\lib\armlib\mc_w.l(printf7.o)(i._printf_core) for _printf_core
    c:\Software\Keil\ARM\ARMCC\bin\..\lib\armlib\mc_w.l(printf7.o)(i.__0snprintf$7) refers to c:\Software\Keil\ARM\ARMCC\bin\..\lib\armlib\mc_w.l(printf7.o)(i._snputc) for _snputc
    c:\Software\Keil\ARM\ARMCC\bin\..\lib\armlib\mc_w.l(printf7.o)(i.__0sprintf$7) refers to c:\Software\Keil\ARM\ARMCC\bin\..\lib\armlib\mc_w.l(printf7.o)(i._printf_core) for _printf_core
    c:\Software\Keil\ARM\ARMCC\bin\..\lib\armlib\mc_w.l(printf7.o)(i.__0sprintf$7) refers to c:\Software\Keil\ARM\ARMCC\bin\..\lib\armlib\mc_w.l(printf7.o)(i._sputc) for _sputc
    c:\Software\Keil\ARM\ARMCC\bin\..\lib\armlib\mc_w.l(printf7.o)(i.__0vfprintf$7) refers to c:\Software\Keil\ARM\ARMCC\bin\..\lib\armlib\mc_w.l(printf7.o)(i._printf_core) for _printf_core
    c:\Software\Keil\ARM\ARMCC\bin\..\lib\armlib\mc_w.l(printf7.o)(i.__0vfprintf$7) refers to retarget.o(.text) for fputc
    c:\Software\Keil\ARM\ARMCC\bin\..\lib\armlib\mc_w.l(printf7.o)(i.__0vprintf$7) refers to c:\Software\Keil\ARM\ARMCC\bin\..\lib\armlib\mc_w.l(printf7.o)(i._printf_core) for _printf_core
    c:\Software\Keil\ARM\ARMCC\bin\..\lib\armlib\mc_w.l(printf7.o)(i.__0vprintf$7) refers to retarget.o(.text) for fputc
    c:\Software\Keil\ARM\ARMCC\bin\..\lib\armlib\mc_w.l(printf7.o)(i.__0vprintf$7) refers to retarget.o(.data) for __stdout
    c:\Software\Keil\ARM\ARMCC\bin\..\lib\armlib\mc_w.l(printf7.o)(i.__0vsnprintf$7) refers to c:\Software\Keil\ARM\ARMCC\bin\..\lib\armlib\mc_w.l(printf7.o)(i._printf_core) for _printf_core
    c:\Software\Keil\ARM\ARMCC\bin\..\lib\armlib\mc_w.l(printf7.o)(i.__0vsnprintf$7) refers to c:\Software\Keil\ARM\ARMCC\bin\..\lib\armlib\mc_w.l(printf7.o)(i._snputc) for _snputc
    c:\Software\Keil\ARM\ARMCC\bin\..\lib\armlib\mc_w.l(printf7.o)(i.__0vsprintf$7) refers to c:\Software\Keil\ARM\ARMCC\bin\..\lib\armlib\mc_w.l(printf7.o)(i._printf_core) for _printf_core
    c:\Software\Keil\ARM\ARMCC\bin\..\lib\armlib\mc_w.l(printf7.o)(i.__0vsprintf$7) refers to c:\Software\Keil\ARM\ARMCC\bin\..\lib\armlib\mc_w.l(printf7.o)(i._sputc) for _sputc
    c:\Software\Keil\ARM\ARMCC\bin\..\lib\armlib\mc_w.l(printf7.o)(i._printf_core) refers to c:\Software\Keil\ARM\ARMCC\bin\..\lib\armlib\mc_w.l(printf7.o)(i._printf_pre_padding) for _printf_pre_padding
    c:\Software\Keil\ARM\ARMCC\bin\..\lib\armlib\mc_w.l(printf7.o)(i._printf_core) refers to c:\Software\Keil\ARM\ARMCC\bin\..\lib\armlib\mc_w.l(uldiv.o)(.text) for __aeabi_uldivmod
    c:\Software\Keil\ARM\ARMCC\bin\..\lib\armlib\mc_w.l(printf7.o)(i._printf_core) refers to c:\Software\Keil\ARM\ARMCC\bin\..\lib\armlib\mc_w.l(printf7.o)(i._printf_post_padding) for _printf_post_padding
    c:\Software\Keil\ARM\ARMCC\bin\..\lib\armlib\mc_w.l(printf8.o)(i.__0fprintf$8) refers to c:\Software\Keil\ARM\ARMCC\bin\..\lib\armlib\mc_w.l(printf8.o)(i._printf_core) for _printf_core
    c:\Software\Keil\ARM\ARMCC\bin\..\lib\armlib\mc_w.l(printf8.o)(i.__0fprintf$8) refers to retarget.o(.text) for fputc
    c:\Software\Keil\ARM\ARMCC\bin\..\lib\armlib\mc_w.l(printf8.o)(i.__0printf$8) refers to c:\Software\Keil\ARM\ARMCC\bin\..\lib\armlib\mc_w.l(printf8.o)(i._printf_core) for _printf_core
    c:\Software\Keil\ARM\ARMCC\bin\..\lib\armlib\mc_w.l(printf8.o)(i.__0printf$8) refers to retarget.o(.text) for fputc
    c:\Software\Keil\ARM\ARMCC\bin\..\lib\armlib\mc_w.l(printf8.o)(i.__0printf$8) refers to retarget.o(.data) for __stdout
    c:\Software\Keil\ARM\ARMCC\bin\..\lib\armlib\mc_w.l(printf8.o)(i.__0snprintf$8) refers to c:\Software\Keil\ARM\ARMCC\bin\..\lib\armlib\mc_w.l(printf8.o)(i._printf_core) for _printf_core
    c:\Software\Keil\ARM\ARMCC\bin\..\lib\armlib\mc_w.l(printf8.o)(i.__0snprintf$8) refers to c:\Software\Keil\ARM\ARMCC\bin\..\lib\armlib\mc_w.l(printf8.o)(i._snputc) for _snputc
    c:\Software\Keil\ARM\ARMCC\bin\..\lib\armlib\mc_w.l(printf8.o)(i.__0sprintf$8) refers to c:\Software\Keil\ARM\ARMCC\bin\..\lib\armlib\mc_w.l(printf8.o)(i._printf_core) for _printf_core
    c:\Software\Keil\ARM\ARMCC\bin\..\lib\armlib\mc_w.l(printf8.o)(i.__0sprintf$8) refers to c:\Software\Keil\ARM\ARMCC\bin\..\lib\armlib\mc_w.l(printf8.o)(i._sputc) for _sputc
    c:\Software\Keil\ARM\ARMCC\bin\..\lib\armlib\mc_w.l(printf8.o)(i.__0vfprintf$8) refers to c:\Software\Keil\ARM\ARMCC\bin\..\lib\armlib\mc_w.l(printf8.o)(i._printf_core) for _printf_core
    c:\Software\Keil\ARM\ARMCC\bin\..\lib\armlib\mc_w.l(printf8.o)(i.__0vfprintf$8) refers to retarget.o(.text) for fputc
    c:\Software\Keil\ARM\ARMCC\bin\..\lib\armlib\mc_w.l(printf8.o)(i.__0vprintf$8) refers to c:\Software\Keil\ARM\ARMCC\bin\..\lib\armlib\mc_w.l(printf8.o)(i._printf_core) for _printf_core
    c:\Software\Keil\ARM\ARMCC\bin\..\lib\armlib\mc_w.l(printf8.o)(i.__0vprintf$8) refers to retarget.o(.text) for fputc
    c:\Software\Keil\ARM\ARMCC\bin\..\lib\armlib\mc_w.l(printf8.o)(i.__0vprintf$8) refers to retarget.o(.data) for __stdout
    c:\Software\Keil\ARM\ARMCC\bin\..\lib\armlib\mc_w.l(printf8.o)(i.__0vsnprintf$8) refers to c:\Software\Keil\ARM\ARMCC\bin\..\lib\armlib\mc_w.l(printf8.o)(i._printf_core) for _printf_core
    c:\Software\Keil\ARM\ARMCC\bin\..\lib\armlib\mc_w.l(printf8.o)(i.__0vsnprintf$8) refers to c:\Software\Keil\ARM\ARMCC\bin\..\lib\armlib\mc_w.l(printf8.o)(i._snputc) for _snputc
    c:\Software\Keil\ARM\ARMCC\bin\..\lib\armlib\mc_w.l(printf8.o)(i.__0vsprintf$8) refers to c:\Software\Keil\ARM\ARMCC\bin\..\lib\armlib\mc_w.l(printf8.o)(i._printf_core) for _printf_core
    c:\Software\Keil\ARM\ARMCC\bin\..\lib\armlib\mc_w.l(printf8.o)(i.__0vsprintf$8) refers to c:\Software\Keil\ARM\ARMCC\bin\..\lib\armlib\mc_w.l(printf8.o)(i._sputc) for _sputc
    c:\Software\Keil\ARM\ARMCC\bin\..\lib\armlib\mc_w.l(printf8.o)(i._printf_core) refers to c:\Software\Keil\ARM\ARMCC\bin\..\lib\armlib\mc_w.l(printf8.o)(i._printf_pre_padding) for _printf_pre_padding
    c:\Software\Keil\ARM\ARMCC\bin\..\lib\armlib\mc_w.l(printf8.o)(i._printf_core) refers to c:\Software\Keil\ARM\ARMCC\bin\..\lib\armlib\mc_w.l(uldiv.o)(.text) for __aeabi_uldivmod
    c:\Software\Keil\ARM\ARMCC\bin\..\lib\armlib\mc_w.l(printf8.o)(i._printf_core) refers to c:\Software\Keil\ARM\ARMCC\bin\..\lib\armlib\mc_w.l(printf8.o)(i._printf_post_padding) for _printf_post_padding
    c:\Software\Keil\ARM\ARMCC\bin\..\lib\armlib\mc_w.l(printfa.o)(i.__0fprintf) refers (Special) to c:\Software\Keil\ARM\ARMCC\bin\..\lib\armlib\mc_w.l(iusefp.o)(.text) for __I$use$fp
    c:\Software\Keil\ARM\ARMCC\bin\..\lib\armlib\mc_w.l(printfa.o)(i.__0fprintf) refers to c:\Software\Keil\ARM\ARMCC\bin\..\lib\armlib\mc_w.l(printfa.o)(i._printf_core) for _printf_core
    c:\Software\Keil\ARM\ARMCC\bin\..\lib\armlib\mc_w.l(printfa.o)(i.__0fprintf) refers to retarget.o(.text) for fputc
    c:\Software\Keil\ARM\ARMCC\bin\..\lib\armlib\mc_w.l(printfa.o)(i.__0printf) refers (Special) to c:\Software\Keil\ARM\ARMCC\bin\..\lib\armlib\mc_w.l(iusefp.o)(.text) for __I$use$fp
    c:\Software\Keil\ARM\ARMCC\bin\..\lib\armlib\mc_w.l(printfa.o)(i.__0printf) refers to c:\Software\Keil\ARM\ARMCC\bin\..\lib\armlib\mc_w.l(printfa.o)(i._printf_core) for _printf_core
    c:\Software\Keil\ARM\ARMCC\bin\..\lib\armlib\mc_w.l(printfa.o)(i.__0printf) refers to retarget.o(.text) for fputc
    c:\Software\Keil\ARM\ARMCC\bin\..\lib\armlib\mc_w.l(printfa.o)(i.__0printf) refers to retarget.o(.data) for __stdout
    c:\Software\Keil\ARM\ARMCC\bin\..\lib\armlib\mc_w.l(printfa.o)(i.__0snprintf) refers (Special) to c:\Software\Keil\ARM\ARMCC\bin\..\lib\armlib\mc_w.l(iusefp.o)(.text) for __I$use$fp
    c:\Software\Keil\ARM\ARMCC\bin\..\lib\armlib\mc_w.l(printfa.o)(i.__0snprintf) refers to c:\Software\Keil\ARM\ARMCC\bin\..\lib\armlib\mc_w.l(printfa.o)(i._printf_core) for _printf_core
    c:\Software\Keil\ARM\ARMCC\bin\..\lib\armlib\mc_w.l(printfa.o)(i.__0snprintf) refers to c:\Software\Keil\ARM\ARMCC\bin\..\lib\armlib\mc_w.l(printfa.o)(i._snputc) for _snputc
    c:\Software\Keil\ARM\ARMCC\bin\..\lib\armlib\mc_w.l(printfa.o)(i.__0sprintf) refers (Special) to c:\Software\Keil\ARM\ARMCC\bin\..\lib\armlib\mc_w.l(iusefp.o)(.text) for __I$use$fp
    c:\Software\Keil\ARM\ARMCC\bin\..\lib\armlib\mc_w.l(printfa.o)(i.__0sprintf) refers to c:\Software\Keil\ARM\ARMCC\bin\..\lib\armlib\mc_w.l(printfa.o)(i._printf_core) for _printf_core
    c:\Software\Keil\ARM\ARMCC\bin\..\lib\armlib\mc_w.l(printfa.o)(i.__0sprintf) refers to c:\Software\Keil\ARM\ARMCC\bin\..\lib\armlib\mc_w.l(printfa.o)(i._sputc) for _sputc
    c:\Software\Keil\ARM\ARMCC\bin\..\lib\armlib\mc_w.l(printfa.o)(i.__0vfprintf) refers (Special) to c:\Software\Keil\ARM\ARMCC\bin\..\lib\armlib\mc_w.l(iusefp.o)(.text) for __I$use$fp
    c:\Software\Keil\ARM\ARMCC\bin\..\lib\armlib\mc_w.l(printfa.o)(i.__0vfprintf) refers to c:\Software\Keil\ARM\ARMCC\bin\..\lib\armlib\mc_w.l(printfa.o)(i._printf_core) for _printf_core
    c:\Software\Keil\ARM\ARMCC\bin\..\lib\armlib\mc_w.l(printfa.o)(i.__0vfprintf) refers to retarget.o(.text) for fputc
    c:\Software\Keil\ARM\ARMCC\bin\..\lib\armlib\mc_w.l(printfa.o)(i.__0vprintf) refers (Special) to c:\Software\Keil\ARM\ARMCC\bin\..\lib\armlib\mc_w.l(iusefp.o)(.text) for __I$use$fp
    c:\Software\Keil\ARM\ARMCC\bin\..\lib\armlib\mc_w.l(printfa.o)(i.__0vprintf) refers to c:\Software\Keil\ARM\ARMCC\bin\..\lib\armlib\mc_w.l(printfa.o)(i._printf_core) for _printf_core
    c:\Software\Keil\ARM\ARMCC\bin\..\lib\armlib\mc_w.l(printfa.o)(i.__0vprintf) refers to retarget.o(.text) for fputc
    c:\Software\Keil\ARM\ARMCC\bin\..\lib\armlib\mc_w.l(printfa.o)(i.__0vprintf) refers to retarget.o(.data) for __stdout
    c:\Software\Keil\ARM\ARMCC\bin\..\lib\armlib\mc_w.l(printfa.o)(i.__0vsnprintf) refers (Special) to c:\Software\Keil\ARM\ARMCC\bin\..\lib\armlib\mc_w.l(iusefp.o)(.text) for __I$use$fp
    c:\Software\Keil\ARM\ARMCC\bin\..\lib\armlib\mc_w.l(printfa.o)(i.__0vsnprintf) refers to c:\Software\Keil\ARM\ARMCC\bin\..\lib\armlib\mc_w.l(printfa.o)(i._printf_core) for _printf_core
    c:\Software\Keil\ARM\ARMCC\bin\..\lib\armlib\mc_w.l(printfa.o)(i.__0vsnprintf) refers to c:\Software\Keil\ARM\ARMCC\bin\..\lib\armlib\mc_w.l(printfa.o)(i._snputc) for _snputc
    c:\Software\Keil\ARM\ARMCC\bin\..\lib\armlib\mc_w.l(printfa.o)(i.__0vsprintf) refers (Special) to c:\Software\Keil\ARM\ARMCC\bin\..\lib\armlib\mc_w.l(iusefp.o)(.text) for __I$use$fp
    c:\Software\Keil\ARM\ARMCC\bin\..\lib\armlib\mc_w.l(printfa.o)(i.__0vsprintf) refers to c:\Software\Keil\ARM\ARMCC\bin\..\lib\armlib\mc_w.l(printfa.o)(i._printf_core) for _printf_core
    c:\Software\Keil\ARM\ARMCC\bin\..\lib\armlib\mc_w.l(printfa.o)(i.__0vsprintf) refers to c:\Software\Keil\ARM\ARMCC\bin\..\lib\armlib\mc_w.l(printfa.o)(i._sputc) for _sputc
    c:\Software\Keil\ARM\ARMCC\bin\..\lib\armlib\mc_w.l(printfa.o)(i._fp_digits) refers (Special) to c:\Software\Keil\ARM\ARMCC\bin\..\lib\armlib\mc_w.l(iusefp.o)(.text) for __I$use$fp
    c:\Software\Keil\ARM\ARMCC\bin\..\lib\armlib\mc_w.l(printfa.o)(i._fp_digits) refers to c:\Software\Keil\ARM\ARMCC\bin\..\lib\armlib\mf_w.l(dmul.o)(.text) for __aeabi_dmul
    c:\Software\Keil\ARM\ARMCC\bin\..\lib\armlib\mc_w.l(printfa.o)(i._fp_digits) refers to c:\Software\Keil\ARM\ARMCC\bin\..\lib\armlib\mf_w.l(ddiv.o)(.text) for __aeabi_ddiv
    c:\Software\Keil\ARM\ARMCC\bin\..\lib\armlib\mc_w.l(printfa.o)(i._fp_digits) refers to c:\Software\Keil\ARM\ARMCC\bin\..\lib\armlib\mf_w.l(cdrcmple.o)(.text) for __aeabi_cdrcmple
    c:\Software\Keil\ARM\ARMCC\bin\..\lib\armlib\mc_w.l(printfa.o)(i._fp_digits) refers to c:\Software\Keil\ARM\ARMCC\bin\..\lib\armlib\mf_w.l(dadd.o)(.text) for __aeabi_dadd
    c:\Software\Keil\ARM\ARMCC\bin\..\lib\armlib\mc_w.l(printfa.o)(i._fp_digits) refers to c:\Software\Keil\ARM\ARMCC\bin\..\lib\armlib\mf_w.l(dfixul.o)(.text) for __aeabi_d2ulz
    c:\Software\Keil\ARM\ARMCC\bin\..\lib\armlib\mc_w.l(printfa.o)(i._fp_digits) refers to c:\Software\Keil\ARM\ARMCC\bin\..\lib\armlib\mc_w.l(uldiv.o)(.text) for __aeabi_uldivmod
    c:\Software\Keil\ARM\ARMCC\bin\..\lib\armlib\mc_w.l(printfa.o)(i._printf_core) refers (Special) to c:\Software\Keil\ARM\ARMCC\bin\..\lib\armlib\mc_w.l(iusefp.o)(.text) for __I$use$fp
    c:\Software\Keil\ARM\ARMCC\bin\..\lib\armlib\mc_w.l(printfa.o)(i._printf_core) refers to c:\Software\Keil\ARM\ARMCC\bin\..\lib\armlib\mc_w.l(printfa.o)(i._printf_pre_padding) for _printf_pre_padding
    c:\Software\Keil\ARM\ARMCC\bin\..\lib\armlib\mc_w.l(printfa.o)(i._printf_core) refers to c:\Software\Keil\ARM\ARMCC\bin\..\lib\armlib\mc_w.l(uldiv.o)(.text) for __aeabi_uldivmod
    c:\Software\Keil\ARM\ARMCC\bin\..\lib\armlib\mc_w.l(printfa.o)(i._printf_core) refers to c:\Software\Keil\ARM\ARMCC\bin\..\lib\armlib\mc_w.l(printfa.o)(i._printf_post_padding) for _printf_post_padding
    c:\Software\Keil\ARM\ARMCC\bin\..\lib\armlib\mc_w.l(printfa.o)(i._printf_core) refers to c:\Software\Keil\ARM\ARMCC\bin\..\lib\armlib\mc_w.l(printfa.o)(i._fp_digits) for _fp_digits
    c:\Software\Keil\ARM\ARMCC\bin\..\lib\armlib\mc_w.l(printfa.o)(i._printf_core) refers to c:\Software\Keil\ARM\ARMCC\bin\..\lib\armlib\mc_w.l(uidiv.o)(.text) for __aeabi_uidivmod
    c:\Software\Keil\ARM\ARMCC\bin\..\lib\armlib\mc_w.l(printfa.o)(i._printf_post_padding) refers (Special) to c:\Software\Keil\ARM\ARMCC\bin\..\lib\armlib\mc_w.l(iusefp.o)(.text) for __I$use$fp
    c:\Software\Keil\ARM\ARMCC\bin\..\lib\armlib\mc_w.l(printfa.o)(i._printf_pre_padding) refers (Special) to c:\Software\Keil\ARM\ARMCC\bin\..\lib\armlib\mc_w.l(iusefp.o)(.text) for __I$use$fp
    c:\Software\Keil\ARM\ARMCC\bin\..\lib\armlib\mc_w.l(printfa.o)(i._snputc) refers (Special) to c:\Software\Keil\ARM\ARMCC\bin\..\lib\armlib\mc_w.l(iusefp.o)(.text) for __I$use$fp
    c:\Software\Keil\ARM\ARMCC\bin\..\lib\armlib\mc_w.l(printfa.o)(i._sputc) refers (Special) to c:\Software\Keil\ARM\ARMCC\bin\..\lib\armlib\mc_w.l(iusefp.o)(.text) for __I$use$fp
    c:\Software\Keil\ARM\ARMCC\bin\..\lib\armlib\mc_w.l(entry2.o)(.ARM.Collect$$$$00000001) refers to c:\Software\Keil\ARM\ARMCC\bin\..\lib\armlib\mc_w.l(entry2.o)(.ARM.Collect$$$$00002712) for __lit__00000000
    c:\Software\Keil\ARM\ARMCC\bin\..\lib\armlib\mc_w.l(entry2.o)(.ARM.Collect$$$$00002712) refers to startup_lpc17xx.o(STACK) for __initial_sp
    c:\Software\Keil\ARM\ARMCC\bin\..\lib\armlib\mc_w.l(entry2.o)(__vectab_stack_and_reset_area) refers to startup_lpc17xx.o(STACK) for __initial_sp
    c:\Software\Keil\ARM\ARMCC\bin\..\lib\armlib\mc_w.l(entry2.o)(__vectab_stack_and_reset_area) refers to c:\Software\Keil\ARM\ARMCC\bin\..\lib\armlib\mc_w.l(entry.o)(.ARM.Collect$$$$00000000) for __main
    c:\Software\Keil\ARM\ARMCC\bin\..\lib\armlib\mc_w.l(entry5.o)(.ARM.Collect$$$$00000004) refers to c:\Software\Keil\ARM\ARMCC\bin\..\lib\armlib\mc_w.l(init.o)(.text) for __scatterload
    c:\Software\Keil\ARM\ARMCC\bin\..\lib\armlib\mc_w.l(entry8.o)(.ARM.Collect$$$$00000009) refers to main.o(.text) for main
    c:\Software\Keil\ARM\ARMCC\bin\..\lib\armlib\mf_w.l(dadd.o)(.text) refers to c:\Software\Keil\ARM\ARMCC\bin\..\lib\armlib\mc_w.l(llshl.o)(.text) for __aeabi_llsl
    c:\Software\Keil\ARM\ARMCC\bin\..\lib\armlib\mf_w.l(dadd.o)(.text) refers to c:\Software\Keil\ARM\ARMCC\bin\..\lib\armlib\mc_w.l(llsshr.o)(.text) for __aeabi_lasr
    c:\Software\Keil\ARM\ARMCC\bin\..\lib\armlib\mf_w.l(dadd.o)(.text) refers to c:\Software\Keil\ARM\ARMCC\bin\..\lib\armlib\mf_w.l(depilogue.o)(.text) for _double_epilogue
    c:\Software\Keil\ARM\ARMCC\bin\..\lib\armlib\mf_w.l(dmul.o)(.text) refers to c:\Software\Keil\ARM\ARMCC\bin\..\lib\armlib\mf_w.l(depilogue.o)(.text) for _double_epilogue
    c:\Software\Keil\ARM\ARMCC\bin\..\lib\armlib\mf_w.l(ddiv.o)(.text) refers to c:\Software\Keil\ARM\ARMCC\bin\..\lib\armlib\mf_w.l(depilogue.o)(.text) for _double_round
    c:\Software\Keil\ARM\ARMCC\bin\..\lib\armlib\mf_w.l(dfixul.o)(.text) refers to c:\Software\Keil\ARM\ARMCC\bin\..\lib\armlib\mc_w.l(llushr.o)(.text) for __aeabi_llsr
    c:\Software\Keil\ARM\ARMCC\bin\..\lib\armlib\mf_w.l(dfixul.o)(.text) refers to c:\Software\Keil\ARM\ARMCC\bin\..\lib\armlib\mc_w.l(llshl.o)(.text) for __aeabi_llsl
    c:\Software\Keil\ARM\ARMCC\bin\..\lib\armlib\mc_w.l(init.o)(.text) refers to c:\Software\Keil\ARM\ARMCC\bin\..\lib\armlib\mc_w.l(entry5.o)(.ARM.Collect$$$$00000004) for __main_after_scatterload
    c:\Software\Keil\ARM\ARMCC\bin\..\lib\armlib\mf_w.l(depilogue.o)(.text) refers to c:\Software\Keil\ARM\ARMCC\bin\..\lib\armlib\mc_w.l(llshl.o)(.text) for __aeabi_llsl
    c:\Software\Keil\ARM\ARMCC\bin\..\lib\armlib\mf_w.l(depilogue.o)(.text) refers to c:\Software\Keil\ARM\ARMCC\bin\..\lib\armlib\mc_w.l(llushr.o)(.text) for __aeabi_llsr
    glcd_scroll.o(i.last_line) refers to glcd_scroll.o(.data) for cache_start
    glcd_scroll.o(i.last_window_line) refers to glcd_scroll.o(.data) for window_start


==============================================================================

Removing Unused input sections from the image.

    Removing startup_lpc17xx.o(HEAP), (8192 bytes).
    Removing system_lpc17xx.o(.rev16_text), (4 bytes).
    Removing system_lpc17xx.o(.revsh_text), (4 bytes).
    Removing glcd_scroll.o(.rev16_text), (4 bytes).
    Removing glcd_scroll.o(.revsh_text), (4 bytes).
    Removing glcd_scroll.o(.text), (852 bytes).
    Removing glcd_scroll.o(.bss), (525 bytes).
    Removing glcd_scroll.o(.data), (20 bytes).
    Removing glcd_spi_lpc1700.o(.rev16_text), (4 bytes).
    Removing glcd_spi_lpc1700.o(.revsh_text), (4 bytes).
    Removing uart.o(.rev16_text), (4 bytes).
    Removing uart.o(.revsh_text), (4 bytes).
    Removing main.o(.rev16_text), (4 bytes).
    Removing main.o(.revsh_text), (4 bytes).
    Removing c:\Software\Keil\ARM\RV31\LIB\RTX_CM3.LIB(rt_task.o)(i.rt_block), (56 bytes).
    Removing c:\Software\Keil\ARM\RV31\LIB\RTX_CM3.LIB(rt_task.o)(i.rt_tsk_prio), (128 bytes).
    Removing c:\Software\Keil\ARM\RV31\LIB\RTX_CM3.LIB(rt_task.o)(i.rt_tsk_self), (16 bytes).
    Removing c:\Software\Keil\ARM\RV31\LIB\RTX_CM3.LIB(rt_semaphore.o)(i.isr_sem_send), (16 bytes).
    Removing c:\Software\Keil\ARM\RV31\LIB\RTX_CM3.LIB(rt_semaphore.o)(i.rt_sem_send), (56 bytes).
    Removing c:\Software\Keil\ARM\RV31\LIB\RTX_CM3.LIB(rt_semaphore.o)(i.rt_sem_wait), (60 bytes).
    Removing c:\Software\Keil\ARM\RV31\LIB\RTX_CM3.LIB(rt_system.o)(.emb_text), (0 bytes).
    Removing c:\Software\Keil\ARM\RV31\LIB\RTX_CM3.LIB(rt_system.o)(i.rt_psh_req), (32 bytes).
    Removing c:\Software\Keil\ARM\RV31\LIB\RTX_CM3.LIB(rt_system.o)(i.rt_resume), (176 bytes).
    Removing c:\Software\Keil\ARM\RV31\LIB\RTX_CM3.LIB(rt_system.o)(i.rt_suspend), (44 bytes).
    Removing c:\Software\Keil\ARM\RV31\LIB\RTX_CM3.LIB(rt_system.o)(i.rt_tsk_lock), (80 bytes).
    Removing c:\Software\Keil\ARM\RV31\LIB\RTX_CM3.LIB(rt_system.o)(i.rt_tsk_unlock), (80 bytes).
    Removing c:\Software\Keil\ARM\RV31\LIB\RTX_CM3.LIB(rt_list.o)(i.rt_psq_enq), (88 bytes).
    Removing c:\Software\Keil\ARM\RV31\LIB\RTX_CM3.LIB(rt_list.o)(i.rt_put_dly), (72 bytes).
    Removing c:\Software\Keil\ARM\RV31\LIB\RTX_CM3.LIB(rt_list.o)(i.rt_resort_prio), (52 bytes).
    Removing c:\Software\Keil\ARM\RV31\LIB\RTX_CM3.LIB(rt_membox.o)(i._calloc_box), (30 bytes).
    Removing c:\Software\Keil\ARM\RV31\LIB\RTX_CM3.LIB(rt_event.o)(i.isr_evt_set), (40 bytes).
    Removing c:\Software\Keil\ARM\RV31\LIB\RTX_CM3.LIB(rt_event.o)(i.rt_evt_clr), (28 bytes).
    Removing c:\Software\Keil\ARM\RV31\LIB\RTX_CM3.LIB(rt_event.o)(i.rt_evt_get), (12 bytes).
    Removing c:\Software\Keil\ARM\RV31\LIB\RTX_CM3.LIB(rt_event.o)(i.rt_evt_set), (96 bytes).
    Removing c:\Software\Keil\ARM\RV31\LIB\RTX_CM3.LIB(rt_event.o)(i.rt_evt_wait), (64 bytes).
    Removing c:\Software\Keil\ARM\RV31\LIB\RTX_CM3.LIB(rt_mailbox.o)(i.isr_mbx_receive), (84 bytes).
    Removing c:\Software\Keil\ARM\RV31\LIB\RTX_CM3.LIB(rt_mailbox.o)(i.isr_mbx_send), (14 bytes).
    Removing c:\Software\Keil\ARM\RV31\LIB\RTX_CM3.LIB(rt_mailbox.o)(i.rt_mbx_check), (8 bytes).
    Removing c:\Software\Keil\ARM\RV31\LIB\RTX_CM3.LIB(rt_mailbox.o)(i.rt_mbx_init), (26 bytes).
    Removing c:\Software\Keil\ARM\RV31\LIB\RTX_CM3.LIB(rt_mailbox.o)(i.rt_mbx_send), (160 bytes).
    Removing c:\Software\Keil\ARM\RV31\LIB\RTX_CM3.LIB(rt_mailbox.o)(i.rt_mbx_wait), (184 bytes).
    Removing c:\Software\Keil\ARM\RV31\LIB\RTX_CM3.LIB(rt_time.o)(i.rt_dly_wait), (6 bytes).
    Removing c:\Software\Keil\ARM\RV31\LIB\RTX_CM3.LIB(rt_time.o)(i.rt_itv_set), (24 bytes).
    Removing c:\Software\Keil\ARM\RV31\LIB\RTX_CM3.LIB(rt_time.o)(i.rt_itv_wait), (44 bytes).
    Removing c:\Software\Keil\ARM\RV31\LIB\RTX_CM3.LIB(rt_time.o)(i.rt_time_get), (12 bytes).
    Removing c:\Software\Keil\ARM\RV31\LIB\RTX_CM3.LIB(rt_timer.o)(i.rt_tmr_create), (80 bytes).
    Removing c:\Software\Keil\ARM\RV31\LIB\RTX_CM3.LIB(rt_timer.o)(i.rt_tmr_kill), (52 bytes).
    Removing c:\Software\Keil\ARM\ARMCC\bin\..\lib\armlib\mf_w.l(dadd.o)(.text), (334 bytes).
    Removing c:\Software\Keil\ARM\ARMCC\bin\..\lib\armlib\mf_w.l(dmul.o)(.text), (228 bytes).
    Removing c:\Software\Keil\ARM\ARMCC\bin\..\lib\armlib\mf_w.l(ddiv.o)(.text), (222 bytes).
    Removing c:\Software\Keil\ARM\ARMCC\bin\..\lib\armlib\mf_w.l(dfixul.o)(.text), (48 bytes).
    Removing c:\Software\Keil\ARM\ARMCC\bin\..\lib\armlib\mf_w.l(cdrcmple.o)(.text), (40 bytes).
    Removing c:\Software\Keil\ARM\ARMCC\bin\..\lib\armlib\mf_w.l(depilogue.o)(.text), (190 bytes).
    Removing glcd_scroll.o(i.last_line), (32 bytes).
    Removing glcd_scroll.o(i.last_window_line), (32 bytes).

55 unused section(s) (total 12675 bytes) removed from the image.

==============================================================================

Image Symbol Table

    Local Symbols

    Symbol Name                              Value     Ov Type        Size  Object(Section)

    RESET                                    0x00000000   Section      204  startup_lpc17xx.o(RESET)
    ../clib/../cmprslib/zerorunl.c           0x00000000   Number         0  c:\Software\Keil\ARM\ARMCC\bin\..\lib\armlib\mc_w.l(__dczerorl.o) ABSOLUTE
    ../clib/microlib/division.c              0x00000000   Number         0  c:\Software\Keil\ARM\ARMCC\bin\..\lib\armlib\mc_w.l(uldiv.o) ABSOLUTE
    ../clib/microlib/division.c              0x00000000   Number         0  c:\Software\Keil\ARM\ARMCC\bin\..\lib\armlib\mc_w.l(uidiv.o) ABSOLUTE
    ../clib/microlib/init/entry.s            0x00000000   Number         0  c:\Software\Keil\ARM\ARMCC\bin\..\lib\armlib\mc_w.l(entry8.o) ABSOLUTE
    ../clib/microlib/init/entry.s            0x00000000   Number         0  c:\Software\Keil\ARM\ARMCC\bin\..\lib\armlib\mc_w.l(entry2.o) ABSOLUTE
    ../clib/microlib/init/entry.s            0x00000000   Number         0  c:\Software\Keil\ARM\ARMCC\bin\..\lib\armlib\mc_w.l(entry7a.o) ABSOLUTE
    ../clib/microlib/init/entry.s            0x00000000   Number         0  c:\Software\Keil\ARM\ARMCC\bin\..\lib\armlib\mc_w.l(entry.o) ABSOLUTE
    ../clib/microlib/init/entry.s            0x00000000   Number         0  c:\Software\Keil\ARM\ARMCC\bin\..\lib\armlib\mc_w.l(entry5.o) ABSOLUTE
    ../clib/microlib/init/entry.s            0x00000000   Number         0  c:\Software\Keil\ARM\ARMCC\bin\..\lib\armlib\mc_w.l(entry7b.o) ABSOLUTE
    ../clib/microlib/longlong.c              0x00000000   Number         0  c:\Software\Keil\ARM\ARMCC\bin\..\lib\armlib\mc_w.l(llushr.o) ABSOLUTE
    ../clib/microlib/longlong.c              0x00000000   Number         0  c:\Software\Keil\ARM\ARMCC\bin\..\lib\armlib\mc_w.l(llshl.o) ABSOLUTE
    ../clib/microlib/longlong.c              0x00000000   Number         0  c:\Software\Keil\ARM\ARMCC\bin\..\lib\armlib\mc_w.l(llsshr.o) ABSOLUTE
    ../clib/microlib/printf/printf.c         0x00000000   Number         0  c:\Software\Keil\ARM\ARMCC\bin\..\lib\armlib\mc_w.l(printf6.o) ABSOLUTE
    ../clib/microlib/printf/printf.c         0x00000000   Number         0  c:\Software\Keil\ARM\ARMCC\bin\..\lib\armlib\mc_w.l(printf7.o) ABSOLUTE
    ../clib/microlib/printf/printf.c         0x00000000   Number         0  c:\Software\Keil\ARM\ARMCC\bin\..\lib\armlib\mc_w.l(printf8.o) ABSOLUTE
    ../clib/microlib/printf/printf.c         0x00000000   Number         0  c:\Software\Keil\ARM\ARMCC\bin\..\lib\armlib\mc_w.l(printfb.o) ABSOLUTE
    ../clib/microlib/printf/printf.c         0x00000000   Number         0  c:\Software\Keil\ARM\ARMCC\bin\..\lib\armlib\mc_w.l(printf0.o) ABSOLUTE
    ../clib/microlib/printf/printf.c         0x00000000   Number         0  c:\Software\Keil\ARM\ARMCC\bin\..\lib\armlib\mc_w.l(printfa.o) ABSOLUTE
    ../clib/microlib/printf/printf.c         0x00000000   Number         0  c:\Software\Keil\ARM\ARMCC\bin\..\lib\armlib\mc_w.l(printf1.o) ABSOLUTE
    ../clib/microlib/printf/printf.c         0x00000000   Number         0  c:\Software\Keil\ARM\ARMCC\bin\..\lib\armlib\mc_w.l(printf2.o) ABSOLUTE
    ../clib/microlib/printf/printf.c         0x00000000   Number         0  c:\Software\Keil\ARM\ARMCC\bin\..\lib\armlib\mc_w.l(printf4.o) ABSOLUTE
    ../clib/microlib/printf/printf.c         0x00000000   Number         0  c:\Software\Keil\ARM\ARMCC\bin\..\lib\armlib\mc_w.l(printf5.o) ABSOLUTE
    ../clib/microlib/printf/printf.c         0x00000000   Number         0  c:\Software\Keil\ARM\ARMCC\bin\..\lib\armlib\mc_w.l(printf3.o) ABSOLUTE
    ../clib/microlib/printf/stubs.s          0x00000000   Number         0  c:\Software\Keil\ARM\ARMCC\bin\..\lib\armlib\mc_w.l(stubs.o) ABSOLUTE
    ../clib/microlib/stdlib/rand.c           0x00000000   Number         0  c:\Software\Keil\ARM\ARMCC\bin\..\lib\armlib\mc_w.l(rand.o) ABSOLUTE
    ../clib/microlib/stubs.s                 0x00000000   Number         0  c:\Software\Keil\ARM\ARMCC\bin\..\lib\armlib\mc_w.l(iusefp.o) ABSOLUTE
    ../fplib/microlib/fpadd.c                0x00000000   Number         0  c:\Software\Keil\ARM\ARMCC\bin\..\lib\armlib\mf_w.l(dadd.o) ABSOLUTE
    ../fplib/microlib/fpdiv.c                0x00000000   Number         0  c:\Software\Keil\ARM\ARMCC\bin\..\lib\armlib\mf_w.l(ddiv.o) ABSOLUTE
    ../fplib/microlib/fpepilogue.c           0x00000000   Number         0  c:\Software\Keil\ARM\ARMCC\bin\..\lib\armlib\mf_w.l(depilogue.o) ABSOLUTE
    ../fplib/microlib/fpfix.c                0x00000000   Number         0  c:\Software\Keil\ARM\ARMCC\bin\..\lib\armlib\mf_w.l(dfixul.o) ABSOLUTE
    ../fplib/microlib/fpmul.c                0x00000000   Number         0  c:\Software\Keil\ARM\ARMCC\bin\..\lib\armlib\mf_w.l(dmul.o) ABSOLUTE
    C:\Software\Keil\ARM\Startup\NXP\LPC17xx\system_LPC17xx.c 0x00000000   Number         0  system_lpc17xx.o ABSOLUTE
    C:\\Software\\Keil\\ARM\\Startup\\NXP\\LPC17xx\\system_LPC17xx.c 0x00000000   Number         0  system_lpc17xx.o ABSOLUTE
    GLCD_SPI_LPC1700.c                       0x00000000   Number         0  glcd_spi_lpc1700.o ABSOLUTE
    GLCD_SPI_LPC1700.c                       0x00000000   Number         0  glcd_spi_lpc1700.o ABSOLUTE
    GLCD_Scroll.c                            0x00000000   Number         0  glcd_scroll.o ABSOLUTE
    GLCD_Scroll.c                            0x00000000   Number         0  glcd_scroll.o ABSOLUTE
    RTX_config.c                             0x00000000   Number         0  rtx_config.o ABSOLUTE
    Retarget.c                               0x00000000   Number         0  retarget.o ABSOLUTE
    SRC\CM\HAL_CM3.c                         0x00000000   Number         0  c:\Software\Keil\ARM\RV31\LIB\RTX_CM3.LIB(hal_cm3.o) ABSOLUTE
    SRC\CM\SVC_Table.s                       0x00000000   Number         0  c:\Software\Keil\ARM\RV31\LIB\RTX_CM3.LIB(SVC_Table.o) ABSOLUTE
    SRC\CM\rt_Event.c                        0x00000000   Number         0  c:\Software\Keil\ARM\RV31\LIB\RTX_CM3.LIB(rt_event.o) ABSOLUTE
    SRC\CM\rt_List.c                         0x00000000   Number         0  c:\Software\Keil\ARM\RV31\LIB\RTX_CM3.LIB(rt_list.o) ABSOLUTE
    SRC\CM\rt_Mailbox.c                      0x00000000   Number         0  c:\Software\Keil\ARM\RV31\LIB\RTX_CM3.LIB(rt_mailbox.o) ABSOLUTE
    SRC\CM\rt_MemBox.c                       0x00000000   Number         0  c:\Software\Keil\ARM\RV31\LIB\RTX_CM3.LIB(rt_membox.o) ABSOLUTE
    SRC\CM\rt_Robin.c                        0x00000000   Number         0  c:\Software\Keil\ARM\RV31\LIB\RTX_CM3.LIB(rt_robin.o) ABSOLUTE
    SRC\CM\rt_Semaphore.c                    0x00000000   Number         0  c:\Software\Keil\ARM\RV31\LIB\RTX_CM3.LIB(rt_semaphore.o) ABSOLUTE
    SRC\CM\rt_System.c                       0x00000000   Number         0  c:\Software\Keil\ARM\RV31\LIB\RTX_CM3.LIB(rt_system.o) ABSOLUTE
    SRC\CM\rt_Task.c                         0x00000000   Number         0  c:\Software\Keil\ARM\RV31\LIB\RTX_CM3.LIB(rt_task.o) ABSOLUTE
    SRC\CM\rt_Time.c                         0x00000000   Number         0  c:\Software\Keil\ARM\RV31\LIB\RTX_CM3.LIB(rt_time.o) ABSOLUTE
    SRC\CM\rt_Timer.c                        0x00000000   Number         0  c:\Software\Keil\ARM\RV31\LIB\RTX_CM3.LIB(rt_timer.o) ABSOLUTE
    SRC\\CM\\HAL_CM3.c                       0x00000000   Number         0  c:\Software\Keil\ARM\RV31\LIB\RTX_CM3.LIB(hal_cm3.o) ABSOLUTE
    SRC\\CM\\rt_System.c                     0x00000000   Number         0  c:\Software\Keil\ARM\RV31\LIB\RTX_CM3.LIB(rt_system.o) ABSOLUTE
    cdrcmple.s                               0x00000000   Number         0  c:\Software\Keil\ARM\ARMCC\bin\..\lib\armlib\mf_w.l(cdrcmple.o) ABSOLUTE
    dc.s                                     0x00000000   Number         0  c:\Software\Keil\ARM\ARMCC\bin\..\lib\armlib\mc_w.l(dc.o) ABSOLUTE
    handlers.s                               0x00000000   Number         0  c:\Software\Keil\ARM\ARMCC\bin\..\lib\armlib\mc_w.l(handlers.o) ABSOLUTE
    init.s                                   0x00000000   Number         0  c:\Software\Keil\ARM\ARMCC\bin\..\lib\armlib\mc_w.l(init.o) ABSOLUTE
    main.c                                   0x00000000   Number         0  main.o ABSOLUTE
    main.c                                   0x00000000   Number         0  main.o ABSOLUTE
    startup_LPC17xx.s                        0x00000000   Number         0  startup_lpc17xx.o ABSOLUTE
    uart.c                                   0x00000000   Number         0  uart.o ABSOLUTE
    uart.c                                   0x00000000   Number         0  uart.o ABSOLUTE
    .ARM.Collect$$$$00000000                 0x000000cc   Section        0  c:\Software\Keil\ARM\ARMCC\bin\..\lib\armlib\mc_w.l(entry.o)(.ARM.Collect$$$$00000000)
    .ARM.Collect$$$$00000001                 0x000000cc   Section        4  c:\Software\Keil\ARM\ARMCC\bin\..\lib\armlib\mc_w.l(entry2.o)(.ARM.Collect$$$$00000001)
    .ARM.Collect$$$$00000004                 0x000000d0   Section        4  c:\Software\Keil\ARM\ARMCC\bin\..\lib\armlib\mc_w.l(entry5.o)(.ARM.Collect$$$$00000004)
    .ARM.Collect$$$$00000008                 0x000000d4   Section        0  c:\Software\Keil\ARM\ARMCC\bin\..\lib\armlib\mc_w.l(entry7b.o)(.ARM.Collect$$$$00000008)
    .ARM.Collect$$$$00000009                 0x000000d4   Section        8  c:\Software\Keil\ARM\ARMCC\bin\..\lib\armlib\mc_w.l(entry8.o)(.ARM.Collect$$$$00000009)
    .ARM.Collect$$$$00002712                 0x000000dc   Section        4  c:\Software\Keil\ARM\ARMCC\bin\..\lib\armlib\mc_w.l(entry2.o)(.ARM.Collect$$$$00002712)
    __lit__00000000                          0x000000dc   Data           4  c:\Software\Keil\ARM\ARMCC\bin\..\lib\armlib\mc_w.l(entry2.o)(.ARM.Collect$$$$00002712)
    .emb_text                                0x000000e0   Section      340  c:\Software\Keil\ARM\RV31\LIB\RTX_CM3.LIB(hal_cm3.o)(.emb_text)
    .text                                    0x00000234   Section       36  startup_lpc17xx.o(.text)
    .text                                    0x00000258   Section        0  retarget.o(.text)
    SVC_TABLE                                0x000002f8   Section        4  c:\Software\Keil\ARM\RV31\LIB\RTX_CM3.LIB(SVC_Table.o)(SVC_TABLE)
    .ARM.__at_0x02FC                         0x000002fc   Section        4  startup_lpc17xx.o(.ARM.__at_0x02FC)
    .text                                    0x00000300   Section        0  system_lpc17xx.o(.text)
    .text                                    0x00000618   Section        0  glcd_spi_lpc1700.o(.text)
    delay                                    0x00000619   Thumb Code    14  glcd_spi_lpc1700.o(.text)
    spi_tran_man                             0x00000627   Thumb Code   124  glcd_spi_lpc1700.o(.text)
    wr_cmd                                   0x000006a3   Thumb Code    36  glcd_spi_lpc1700.o(.text)
    wr_dat                                   0x000006c7   Thumb Code    36  glcd_spi_lpc1700.o(.text)
    rd_reg                                   0x000006eb   Thumb Code    66  glcd_spi_lpc1700.o(.text)
    rd_id_man                                0x0000072d   Thumb Code   132  glcd_spi_lpc1700.o(.text)
    spi_tran                                 0x000011ad   Thumb Code    26  glcd_spi_lpc1700.o(.text)
    wr_dat_start                             0x000011c7   Thumb Code    16  glcd_spi_lpc1700.o(.text)
    wr_dat_stop                              0x000011d7   Thumb Code     8  glcd_spi_lpc1700.o(.text)
    wr_dat_only                              0x000011df   Thumb Code    18  glcd_spi_lpc1700.o(.text)
    wr_reg                                   0x000011f1   Thumb Code    20  glcd_spi_lpc1700.o(.text)
    .text                                    0x00001220   Section        0  rtx_config.o(.text)
    .text                                    0x0000122c   Section        0  uart.o(.text)
    NVIC_EnableIRQ                           0x00001585   Thumb Code    24  uart.o(.text)
    .text                                    0x000015d8   Section        0  main.o(.text)
    .text                                    0x00001b58   Section        0  c:\Software\Keil\ARM\ARMCC\bin\..\lib\armlib\mc_w.l(uldiv.o)(.text)
    .text                                    0x00001bbc   Section        0  c:\Software\Keil\ARM\ARMCC\bin\..\lib\armlib\mc_w.l(rand.o)(.text)
    .text                                    0x00001be0   Section        0  c:\Software\Keil\ARM\ARMCC\bin\..\lib\armlib\mc_w.l(uidiv.o)(.text)
    .text                                    0x00001c0c   Section        0  c:\Software\Keil\ARM\ARMCC\bin\..\lib\armlib\mc_w.l(llshl.o)(.text)
    .text                                    0x00001c2a   Section        0  c:\Software\Keil\ARM\ARMCC\bin\..\lib\armlib\mc_w.l(llushr.o)(.text)
    .text                                    0x00001c4c   Section       36  c:\Software\Keil\ARM\ARMCC\bin\..\lib\armlib\mc_w.l(init.o)(.text)
    .text                                    0x00001c70   Section        0  c:\Software\Keil\ARM\ARMCC\bin\..\lib\armlib\mc_w.l(__dczerorl.o)(.text)
    i.__0printf$1                            0x00001cac   Section        0  c:\Software\Keil\ARM\ARMCC\bin\..\lib\armlib\mc_w.l(printf1.o)(i.__0printf$1)
    i.__scatterload_copy                     0x00001ccc   Section       14  c:\Software\Keil\ARM\ARMCC\bin\..\lib\armlib\mc_w.l(handlers.o)(i.__scatterload_copy)
    i.__scatterload_null                     0x00001cda   Section        2  c:\Software\Keil\ARM\ARMCC\bin\..\lib\armlib\mc_w.l(handlers.o)(i.__scatterload_null)
    i.__scatterload_zeroinit                 0x00001cdc   Section       14  c:\Software\Keil\ARM\ARMCC\bin\..\lib\armlib\mc_w.l(handlers.o)(i.__scatterload_zeroinit)
    i._init_box                              0x00001cea   Section        0  c:\Software\Keil\ARM\RV31\LIB\RTX_CM3.LIB(rt_membox.o)(i._init_box)
    i._printf_core                           0x00001d30   Section        0  c:\Software\Keil\ARM\ARMCC\bin\..\lib\armlib\mc_w.l(printf1.o)(i._printf_core)
    _printf_core                             0x00001d31   Thumb Code   334  c:\Software\Keil\ARM\ARMCC\bin\..\lib\armlib\mc_w.l(printf1.o)(i._printf_core)
    i.dbg_init                               0x00001e84   Section        0  c:\Software\Keil\ARM\RV31\LIB\RTX_CM3.LIB(hal_cm3.o)(i.dbg_init)
    i.dbg_task_notify                        0x00001eb4   Section        0  c:\Software\Keil\ARM\RV31\LIB\RTX_CM3.LIB(hal_cm3.o)(i.dbg_task_notify)
    i.dbg_task_switch                        0x00001ed4   Section        0  c:\Software\Keil\ARM\RV31\LIB\RTX_CM3.LIB(hal_cm3.o)(i.dbg_task_switch)
    i.os_tick_init                           0x00001ee4   Section        0  c:\Software\Keil\ARM\RV31\LIB\RTX_CM3.LIB(rt_system.o)(i.os_tick_init)
    i.os_tick_irqack                         0x00001f0c   Section        0  c:\Software\Keil\ARM\RV31\LIB\RTX_CM3.LIB(rt_system.o)(i.os_tick_irqack)
    i.rt_alloc_box                           0x00001f0e   Section        0  c:\Software\Keil\ARM\RV31\LIB\RTX_CM3.LIB(rt_membox.o)(i.rt_alloc_box)
    i.rt_chk_robin                           0x00001f28   Section        0  c:\Software\Keil\ARM\RV31\LIB\RTX_CM3.LIB(rt_robin.o)(i.rt_chk_robin)
    i.rt_dec_dly                             0x00001f70   Section        0  c:\Software\Keil\ARM\RV31\LIB\RTX_CM3.LIB(rt_list.o)(i.rt_dec_dly)
    i.rt_dispatch                            0x00001fe4   Section        0  c:\Software\Keil\ARM\RV31\LIB\RTX_CM3.LIB(rt_task.o)(i.rt_dispatch)
    i.rt_evt_psh                             0x00002028   Section        0  c:\Software\Keil\ARM\RV31\LIB\RTX_CM3.LIB(rt_event.o)(i.rt_evt_psh)
    i.rt_free_box                            0x00002074   Section        0  c:\Software\Keil\ARM\RV31\LIB\RTX_CM3.LIB(rt_membox.o)(i.rt_free_box)
    i.rt_get_first                           0x00002094   Section        0  c:\Software\Keil\ARM\RV31\LIB\RTX_CM3.LIB(rt_list.o)(i.rt_get_first)
    i.rt_get_same_rdy_prio                   0x000020bc   Section        0  c:\Software\Keil\ARM\RV31\LIB\RTX_CM3.LIB(rt_list.o)(i.rt_get_same_rdy_prio)
    i.rt_init_context                        0x000020e0   Section        0  c:\Software\Keil\ARM\RV31\LIB\RTX_CM3.LIB(rt_task.o)(i.rt_init_context)
    rt_init_context                          0x000020e1   Thumb Code    64  c:\Software\Keil\ARM\RV31\LIB\RTX_CM3.LIB(rt_task.o)(i.rt_init_context)
    i.rt_init_robin                          0x00002124   Section        0  c:\Software\Keil\ARM\RV31\LIB\RTX_CM3.LIB(rt_robin.o)(i.rt_init_robin)
    i.rt_init_stack                          0x0000213c   Section        0  c:\Software\Keil\ARM\RV31\LIB\RTX_CM3.LIB(hal_cm3.o)(i.rt_init_stack)
    i.rt_mbx_psh                             0x0000218c   Section        0  c:\Software\Keil\ARM\RV31\LIB\RTX_CM3.LIB(rt_mailbox.o)(i.rt_mbx_psh)
    i.rt_pop_req                             0x0000224c   Section        0  c:\Software\Keil\ARM\RV31\LIB\RTX_CM3.LIB(rt_system.o)(i.rt_pop_req)
    i.rt_put_prio                            0x000022c4   Section        0  c:\Software\Keil\ARM\RV31\LIB\RTX_CM3.LIB(rt_list.o)(i.rt_put_prio)
    i.rt_put_rdy_first                       0x000022fc   Section        0  c:\Software\Keil\ARM\RV31\LIB\RTX_CM3.LIB(rt_list.o)(i.rt_put_rdy_first)
    i.rt_rmv_dly                             0x00002310   Section        0  c:\Software\Keil\ARM\RV31\LIB\RTX_CM3.LIB(rt_list.o)(i.rt_rmv_dly)
    i.rt_rmv_list                            0x00002338   Section        0  c:\Software\Keil\ARM\RV31\LIB\RTX_CM3.LIB(rt_list.o)(i.rt_rmv_list)
    i.rt_sem_init                            0x00002368   Section        0  c:\Software\Keil\ARM\RV31\LIB\RTX_CM3.LIB(rt_semaphore.o)(i.rt_sem_init)
    i.rt_sem_psh                             0x00002374   Section        0  c:\Software\Keil\ARM\RV31\LIB\RTX_CM3.LIB(rt_semaphore.o)(i.rt_sem_psh)
    i.rt_stk_check                           0x000023a8   Section        0  c:\Software\Keil\ARM\RV31\LIB\RTX_CM3.LIB(rt_system.o)(i.rt_stk_check)
    i.rt_switch_req                          0x000023cc   Section        0  c:\Software\Keil\ARM\RV31\LIB\RTX_CM3.LIB(rt_task.o)(i.rt_switch_req)
    i.rt_sys_init                            0x000023f4   Section        0  c:\Software\Keil\ARM\RV31\LIB\RTX_CM3.LIB(rt_task.o)(i.rt_sys_init)
    i.rt_systick                             0x0000254c   Section        0  c:\Software\Keil\ARM\RV31\LIB\RTX_CM3.LIB(rt_system.o)(i.rt_systick)
    i.rt_tmr_tick                            0x00002588   Section        0  c:\Software\Keil\ARM\RV31\LIB\RTX_CM3.LIB(rt_timer.o)(i.rt_tmr_tick)
    i.rt_tsk_create                          0x000025c8   Section        0  c:\Software\Keil\ARM\RV31\LIB\RTX_CM3.LIB(rt_task.o)(i.rt_tsk_create)
    i.rt_tsk_delete                          0x0000265c   Section        0  c:\Software\Keil\ARM\RV31\LIB\RTX_CM3.LIB(rt_task.o)(i.rt_tsk_delete)
    i.rt_tsk_pass                            0x00002718   Section        0  c:\Software\Keil\ARM\RV31\LIB\RTX_CM3.LIB(rt_task.o)(i.rt_tsk_pass)
    .constdata                               0x00002748   Section     6272  glcd_spi_lpc1700.o(.constdata)
    .constdata                               0x00003fc8   Section       40  rtx_config.o(.constdata)
    __tagsym$$used                           0x00003fdc   Number         0  rtx_config.o(.constdata)
    __tagsym$$used                           0x00003fe0   Number         0  rtx_config.o(.constdata)
    .data                                    0x10000000   Section        4  system_lpc17xx.o(.data)
    .data                                    0x10000004   Section        9  glcd_spi_lpc1700.o(.data)
    Color                                    0x10000004   Data           4  glcd_spi_lpc1700.o(.data)
    y                                        0x10000008   Data           4  glcd_spi_lpc1700.o(.data)
    Himax                                    0x1000000c   Data           1  glcd_spi_lpc1700.o(.data)
    .data                                    0x10000010   Section       12  retarget.o(.data)
    .data                                    0x1000001c   Section        4  rtx_config.o(.data)
    .data                                    0x10000020   Section       32  uart.o(.data)
    .data                                    0x10000040   Section     6156  main.o(.data)
    .data                                    0x1000184c   Section        8  c:\Software\Keil\ARM\RV31\LIB\RTX_CM3.LIB(rt_task.o)(.data)
    .data                                    0x10001854   Section        1  c:\Software\Keil\ARM\RV31\LIB\RTX_CM3.LIB(hal_cm3.o)(.data)
    .data                                    0x10001858   Section        8  c:\Software\Keil\ARM\RV31\LIB\RTX_CM3.LIB(rt_system.o)(.data)
    os_lock                                  0x10001858   Data           1  c:\Software\Keil\ARM\RV31\LIB\RTX_CM3.LIB(rt_system.o)(.data)
    os_psh_flag                              0x10001859   Data           1  c:\Software\Keil\ARM\RV31\LIB\RTX_CM3.LIB(rt_system.o)(.data)
    pend_flags                               0x1000185a   Data           1  c:\Software\Keil\ARM\RV31\LIB\RTX_CM3.LIB(rt_system.o)(.data)
    .data                                    0x10001860   Section        8  c:\Software\Keil\ARM\RV31\LIB\RTX_CM3.LIB(rt_robin.o)(.data)
    .data                                    0x10001868   Section        4  c:\Software\Keil\ARM\RV31\LIB\RTX_CM3.LIB(rt_time.o)(.data)
    .data                                    0x1000186c   Section        8  c:\Software\Keil\ARM\RV31\LIB\RTX_CM3.LIB(rt_timer.o)(.data)
    .data                                    0x10001874   Section        4  c:\Software\Keil\ARM\ARMCC\bin\..\lib\armlib\mc_w.l(rand.o)(.data)
    _rand_state                              0x10001874   Data           4  c:\Software\Keil\ARM\ARMCC\bin\..\lib\armlib\mc_w.l(rand.o)(.data)
    .bss                                     0x10001878   Section     4060  rtx_config.o(.bss)
    .bss                                     0x10002854   Section      128  uart.o(.bss)
    .bss                                     0x100028d4   Section       16  main.o(.bss)
    .bss                                     0x100028e4   Section       48  c:\Software\Keil\ARM\RV31\LIB\RTX_CM3.LIB(rt_task.o)(.bss)
    .bss                                     0x10002914   Section       48  c:\Software\Keil\ARM\RV31\LIB\RTX_CM3.LIB(rt_list.o)(.bss)
    STACK                                    0x10002948   Section     5376  startup_lpc17xx.o(STACK)

    Global Symbols

    Symbol Name                              Value     Ov Type        Size  Object(Section)

    BuildAttributes$$THM_ISAv4$P$D$K$B$S$PE$A:L22UL41UL21$X:L11$S22US41US21$IEEE1$IW$USESV6$~STKCKD$USESV7$~SHL$OSPACE$ROPI$EBA8$MICROLIB$REQ8$PRES8$EABIv2 0x00000000   Number         0  anon$$obj.o ABSOLUTE
    __ARM_use_no_argv                        0x00000000   Number         0  main.o ABSOLUTE
    __Vectors                                0x00000000   Data           4  startup_lpc17xx.o(RESET)
    _printf_a                                0x00000000   Number         0  c:\Software\Keil\ARM\ARMCC\bin\..\lib\armlib\mc_w.l(stubs.o) ABSOLUTE
    _printf_c                                0x00000000   Number         0  c:\Software\Keil\ARM\ARMCC\bin\..\lib\armlib\mc_w.l(stubs.o) ABSOLUTE
    _printf_charcount                        0x00000000   Number         0  c:\Software\Keil\ARM\ARMCC\bin\..\lib\armlib\mc_w.l(stubs.o) ABSOLUTE
    _printf_d                                0x00000000   Number         0  c:\Software\Keil\ARM\ARMCC\bin\..\lib\armlib\mc_w.l(stubs.o) ABSOLUTE
    _printf_e                                0x00000000   Number         0  c:\Software\Keil\ARM\ARMCC\bin\..\lib\armlib\mc_w.l(stubs.o) ABSOLUTE
    _printf_f                                0x00000000   Number         0  c:\Software\Keil\ARM\ARMCC\bin\..\lib\armlib\mc_w.l(stubs.o) ABSOLUTE
    _printf_flags                            0x00000000   Number         0  c:\Software\Keil\ARM\ARMCC\bin\..\lib\armlib\mc_w.l(stubs.o) ABSOLUTE
    _printf_fp_dec                           0x00000000   Number         0  c:\Software\Keil\ARM\ARMCC\bin\..\lib\armlib\mc_w.l(stubs.o) ABSOLUTE
    _printf_fp_hex                           0x00000000   Number         0  c:\Software\Keil\ARM\ARMCC\bin\..\lib\armlib\mc_w.l(stubs.o) ABSOLUTE
    _printf_g                                0x00000000   Number         0  c:\Software\Keil\ARM\ARMCC\bin\..\lib\armlib\mc_w.l(stubs.o) ABSOLUTE
    _printf_i                                0x00000000   Number         0  c:\Software\Keil\ARM\ARMCC\bin\..\lib\armlib\mc_w.l(stubs.o) ABSOLUTE
    _printf_int_dec                          0x00000000   Number         0  c:\Software\Keil\ARM\ARMCC\bin\..\lib\armlib\mc_w.l(stubs.o) ABSOLUTE
    _printf_l                                0x00000000   Number         0  c:\Software\Keil\ARM\ARMCC\bin\..\lib\armlib\mc_w.l(stubs.o) ABSOLUTE
    _printf_lc                               0x00000000   Number         0  c:\Software\Keil\ARM\ARMCC\bin\..\lib\armlib\mc_w.l(stubs.o) ABSOLUTE
    _printf_ll                               0x00000000   Number         0  c:\Software\Keil\ARM\ARMCC\bin\..\lib\armlib\mc_w.l(stubs.o) ABSOLUTE
    _printf_lld                              0x00000000   Number         0  c:\Software\Keil\ARM\ARMCC\bin\..\lib\armlib\mc_w.l(stubs.o) ABSOLUTE
    _printf_lli                              0x00000000   Number         0  c:\Software\Keil\ARM\ARMCC\bin\..\lib\armlib\mc_w.l(stubs.o) ABSOLUTE
    _printf_llo                              0x00000000   Number         0  c:\Software\Keil\ARM\ARMCC\bin\..\lib\armlib\mc_w.l(stubs.o) ABSOLUTE
    _printf_llu                              0x00000000   Number         0  c:\Software\Keil\ARM\ARMCC\bin\..\lib\armlib\mc_w.l(stubs.o) ABSOLUTE
    _printf_llx                              0x00000000   Number         0  c:\Software\Keil\ARM\ARMCC\bin\..\lib\armlib\mc_w.l(stubs.o) ABSOLUTE
    _printf_longlong_dec                     0x00000000   Number         0  c:\Software\Keil\ARM\ARMCC\bin\..\lib\armlib\mc_w.l(stubs.o) ABSOLUTE
    _printf_longlong_hex                     0x00000000   Number         0  c:\Software\Keil\ARM\ARMCC\bin\..\lib\armlib\mc_w.l(stubs.o) ABSOLUTE
    _printf_longlong_oct                     0x00000000   Number         0  c:\Software\Keil\ARM\ARMCC\bin\..\lib\armlib\mc_w.l(stubs.o) ABSOLUTE
    _printf_ls                               0x00000000   Number         0  c:\Software\Keil\ARM\ARMCC\bin\..\lib\armlib\mc_w.l(stubs.o) ABSOLUTE
    _printf_mbtowc                           0x00000000   Number         0  c:\Software\Keil\ARM\ARMCC\bin\..\lib\armlib\mc_w.l(stubs.o) ABSOLUTE
    _printf_n                                0x00000000   Number         0  c:\Software\Keil\ARM\ARMCC\bin\..\lib\armlib\mc_w.l(stubs.o) ABSOLUTE
    _printf_o                                0x00000000   Number         0  c:\Software\Keil\ARM\ARMCC\bin\..\lib\armlib\mc_w.l(stubs.o) ABSOLUTE
    _printf_p                                0x00000000   Number         0  c:\Software\Keil\ARM\ARMCC\bin\..\lib\armlib\mc_w.l(stubs.o) ABSOLUTE
    _printf_percent                          0x00000000   Number         0  c:\Software\Keil\ARM\ARMCC\bin\..\lib\armlib\mc_w.l(stubs.o) ABSOLUTE
    _printf_pre_padding                      0x00000000   Number         0  c:\Software\Keil\ARM\ARMCC\bin\..\lib\armlib\mc_w.l(stubs.o) ABSOLUTE
    _printf_return_value                     0x00000000   Number         0  c:\Software\Keil\ARM\ARMCC\bin\..\lib\armlib\mc_w.l(stubs.o) ABSOLUTE
    _printf_s                                0x00000000   Number         0  c:\Software\Keil\ARM\ARMCC\bin\..\lib\armlib\mc_w.l(stubs.o) ABSOLUTE
    _printf_sizespec                         0x00000000   Number         0  c:\Software\Keil\ARM\ARMCC\bin\..\lib\armlib\mc_w.l(stubs.o) ABSOLUTE
    _printf_str                              0x00000000   Number         0  c:\Software\Keil\ARM\ARMCC\bin\..\lib\armlib\mc_w.l(stubs.o) ABSOLUTE
    _printf_truncate_signed                  0x00000000   Number         0  c:\Software\Keil\ARM\ARMCC\bin\..\lib\armlib\mc_w.l(stubs.o) ABSOLUTE
    _printf_truncate_unsigned                0x00000000   Number         0  c:\Software\Keil\ARM\ARMCC\bin\..\lib\armlib\mc_w.l(stubs.o) ABSOLUTE
    _printf_u                                0x00000000   Number         0  c:\Software\Keil\ARM\ARMCC\bin\..\lib\armlib\mc_w.l(stubs.o) ABSOLUTE
    _printf_wc                               0x00000000   Number         0  c:\Software\Keil\ARM\ARMCC\bin\..\lib\armlib\mc_w.l(stubs.o) ABSOLUTE
    _printf_wctomb                           0x00000000   Number         0  c:\Software\Keil\ARM\ARMCC\bin\..\lib\armlib\mc_w.l(stubs.o) ABSOLUTE
    _printf_widthprec                        0x00000000   Number         0  c:\Software\Keil\ARM\ARMCC\bin\..\lib\armlib\mc_w.l(stubs.o) ABSOLUTE
    _printf_x                                0x00000000   Number         0  c:\Software\Keil\ARM\ARMCC\bin\..\lib\armlib\mc_w.l(stubs.o) ABSOLUTE
    _clock_init                               - Undefined Weak Reference
    __main                                   0x000000cd   Thumb Code     0  c:\Software\Keil\ARM\ARMCC\bin\..\lib\armlib\mc_w.l(entry.o)(.ARM.Collect$$$$00000000)
    _main_stk                                0x000000cd   Thumb Code     0  c:\Software\Keil\ARM\ARMCC\bin\..\lib\armlib\mc_w.l(entry2.o)(.ARM.Collect$$$$00000001)
    _main_scatterload                        0x000000d1   Thumb Code     0  c:\Software\Keil\ARM\ARMCC\bin\..\lib\armlib\mc_w.l(entry5.o)(.ARM.Collect$$$$00000004)
    __main_after_scatterload                 0x000000d5   Thumb Code     0  c:\Software\Keil\ARM\ARMCC\bin\..\lib\armlib\mc_w.l(entry5.o)(.ARM.Collect$$$$00000004)
    _main_clock                              0x000000d5   Thumb Code     0  c:\Software\Keil\ARM\ARMCC\bin\..\lib\armlib\mc_w.l(entry7b.o)(.ARM.Collect$$$$00000008)
    _main_init                               0x000000d5   Thumb Code     0  c:\Software\Keil\ARM\ARMCC\bin\..\lib\armlib\mc_w.l(entry8.o)(.ARM.Collect$$$$00000009)
    rt_set_PSP                               0x000000e1   Thumb Code     6  c:\Software\Keil\ARM\RV31\LIB\RTX_CM3.LIB(hal_cm3.o)(.emb_text)
    rt_get_PSP                               0x000000e7   Thumb Code     6  c:\Software\Keil\ARM\RV31\LIB\RTX_CM3.LIB(hal_cm3.o)(.emb_text)
    os_set_env                               0x000000ed   Thumb Code    24  c:\Software\Keil\ARM\RV31\LIB\RTX_CM3.LIB(hal_cm3.o)(.emb_text)
    _alloc_box                               0x00000109   Thumb Code    28  c:\Software\Keil\ARM\RV31\LIB\RTX_CM3.LIB(hal_cm3.o)(.emb_text)
    _free_box                                0x00000129   Thumb Code    28  c:\Software\Keil\ARM\RV31\LIB\RTX_CM3.LIB(hal_cm3.o)(.emb_text)
    SVC_Handler                              0x00000149   Thumb Code   124  c:\Software\Keil\ARM\RV31\LIB\RTX_CM3.LIB(hal_cm3.o)(.emb_text)
    PendSV_Handler                           0x000001d1   Thumb Code    76  c:\Software\Keil\ARM\RV31\LIB\RTX_CM3.LIB(hal_cm3.o)(.emb_text)
    SysTick_Handler                          0x00000221   Thumb Code     8  c:\Software\Keil\ARM\RV31\LIB\RTX_CM3.LIB(hal_cm3.o)(.emb_text)
    OS_Tick_Handler                          0x00000229   Thumb Code    12  c:\Software\Keil\ARM\RV31\LIB\RTX_CM3.LIB(hal_cm3.o)(.emb_text)
    Reset_Handler                            0x00000235   Thumb Code     8  startup_lpc17xx.o(.text)
    NMI_Handler                              0x0000023d   Thumb Code     2  startup_lpc17xx.o(.text)
    HardFault_Handler                        0x0000023f   Thumb Code     2  startup_lpc17xx.o(.text)
    MemManage_Handler                        0x00000241   Thumb Code     2  startup_lpc17xx.o(.text)
    BusFault_Handler                         0x00000243   Thumb Code     2  startup_lpc17xx.o(.text)
    UsageFault_Handler                       0x00000245   Thumb Code     2  startup_lpc17xx.o(.text)
    DebugMon_Handler                         0x00000249   Thumb Code     2  startup_lpc17xx.o(.text)
    ADC_IRQHandler                           0x0000024f   Thumb Code     0  startup_lpc17xx.o(.text)
    BOD_IRQHandler                           0x0000024f   Thumb Code     0  startup_lpc17xx.o(.text)
    CANActivity_IRQHandler                   0x0000024f   Thumb Code     0  startup_lpc17xx.o(.text)
    CAN_IRQHandler                           0x0000024f   Thumb Code     0  startup_lpc17xx.o(.text)
    DMA_IRQHandler                           0x0000024f   Thumb Code     0  startup_lpc17xx.o(.text)
    EINT0_IRQHandler                         0x0000024f   Thumb Code     0  startup_lpc17xx.o(.text)
    EINT1_IRQHandler                         0x0000024f   Thumb Code     0  startup_lpc17xx.o(.text)
    EINT2_IRQHandler                         0x0000024f   Thumb Code     0  startup_lpc17xx.o(.text)
    EINT3_IRQHandler                         0x0000024f   Thumb Code     0  startup_lpc17xx.o(.text)
    ENET_IRQHandler                          0x0000024f   Thumb Code     0  startup_lpc17xx.o(.text)
    I2C0_IRQHandler                          0x0000024f   Thumb Code     0  startup_lpc17xx.o(.text)
    I2C1_IRQHandler                          0x0000024f   Thumb Code     0  startup_lpc17xx.o(.text)
    I2C2_IRQHandler                          0x0000024f   Thumb Code     0  startup_lpc17xx.o(.text)
    I2S_IRQHandler                           0x0000024f   Thumb Code     0  startup_lpc17xx.o(.text)
    MCPWM_IRQHandler                         0x0000024f   Thumb Code     0  startup_lpc17xx.o(.text)
    PLL0_IRQHandler                          0x0000024f   Thumb Code     0  startup_lpc17xx.o(.text)
    PLL1_IRQHandler                          0x0000024f   Thumb Code     0  startup_lpc17xx.o(.text)
    PWM1_IRQHandler                          0x0000024f   Thumb Code     0  startup_lpc17xx.o(.text)
    QEI_IRQHandler                           0x0000024f   Thumb Code     0  startup_lpc17xx.o(.text)
    RIT_IRQHandler                           0x0000024f   Thumb Code     0  startup_lpc17xx.o(.text)
    RTC_IRQHandler                           0x0000024f   Thumb Code     0  startup_lpc17xx.o(.text)
    SPI_IRQHandler                           0x0000024f   Thumb Code     0  startup_lpc17xx.o(.text)
    SSP0_IRQHandler                          0x0000024f   Thumb Code     0  startup_lpc17xx.o(.text)
    SSP1_IRQHandler                          0x0000024f   Thumb Code     0  startup_lpc17xx.o(.text)
    TIMER0_IRQHandler                        0x0000024f   Thumb Code     0  startup_lpc17xx.o(.text)
    TIMER1_IRQHandler                        0x0000024f   Thumb Code     0  startup_lpc17xx.o(.text)
    TIMER2_IRQHandler                        0x0000024f   Thumb Code     0  startup_lpc17xx.o(.text)
    TIMER3_IRQHandler                        0x0000024f   Thumb Code     0  startup_lpc17xx.o(.text)
    UART2_IRQHandler                         0x0000024f   Thumb Code     0  startup_lpc17xx.o(.text)
    UART3_IRQHandler                         0x0000024f   Thumb Code     0  startup_lpc17xx.o(.text)
    USBActivity_IRQHandler                   0x0000024f   Thumb Code     0  startup_lpc17xx.o(.text)
    USB_IRQHandler                           0x0000024f   Thumb Code     0  startup_lpc17xx.o(.text)
    WDT_IRQHandler                           0x0000024f   Thumb Code     0  startup_lpc17xx.o(.text)
    sendchar                                 0x00000259   Thumb Code    64  retarget.o(.text)
    getkey                                   0x00000299   Thumb Code    32  retarget.o(.text)
    fputc                                    0x000002b9   Thumb Code    14  retarget.o(.text)
    fgetc                                    0x000002c7   Thumb Code    20  retarget.o(.text)
    ferror                                   0x000002db   Thumb Code     8  retarget.o(.text)
    _ttywrch                                 0x000002e3   Thumb Code    12  retarget.o(.text)
    _sys_exit                                0x000002ef   Thumb Code     4  retarget.o(.text)
    SVC_Count                                0x000002f8   Data           4  c:\Software\Keil\ARM\RV31\LIB\RTX_CM3.LIB(SVC_Table.o)(SVC_TABLE)
    SVC_Table                                0x000002fc   Data           0  c:\Software\Keil\ARM\RV31\LIB\RTX_CM3.LIB(SVC_Table.o)(SVC_TABLE)
    SystemCoreClockUpdate                    0x00000301   Thumb Code   424  system_lpc17xx.o(.text)
    __RL_RTX_VER                             0x00000460   Number         0  c:\Software\Keil\ARM\RV31\LIB\RTX_CM3.LIB(rt_system.o) ABSOLUTE
    SystemInit                               0x000004a9   Thumb Code   290  system_lpc17xx.o(.text)
    GLCD_Init                                0x000007b1   Thumb Code  1514  glcd_spi_lpc1700.o(.text)
    GLCD_SetWindow                           0x00000d9b   Thumb Code   168  glcd_spi_lpc1700.o(.text)
    GLCD_WindowMax                           0x00000e43   Thumb Code    26  glcd_spi_lpc1700.o(.text)
    GLCD_PutPixel                            0x00000e5d   Thumb Code   118  glcd_spi_lpc1700.o(.text)
    GLCD_SetTextColor                        0x00000ed3   Thumb Code     6  glcd_spi_lpc1700.o(.text)
    GLCD_SetBackColor                        0x00000ed9   Thumb Code     6  glcd_spi_lpc1700.o(.text)
    GLCD_Clear                               0x00000edf   Thumb Code    42  glcd_spi_lpc1700.o(.text)
    GLCD_DrawChar                            0x00000f09   Thumb Code   150  glcd_spi_lpc1700.o(.text)
    GLCD_DisplayChar                         0x00000f9f   Thumb Code    84  glcd_spi_lpc1700.o(.text)
    GLCD_DisplayString                       0x00000ff3   Thumb Code    40  glcd_spi_lpc1700.o(.text)
    GLCD_ClearLn                             0x0000101b   Thumb Code    94  glcd_spi_lpc1700.o(.text)
    GLCD_Bargraph                            0x00001079   Thumb Code    98  glcd_spi_lpc1700.o(.text)
    GLCD_Bitmap                              0x000010db   Thumb Code    82  glcd_spi_lpc1700.o(.text)
    GLCD_ScrollVertical                      0x0000112d   Thumb Code   100  glcd_spi_lpc1700.o(.text)
    GLCD_WrCmd                               0x00001191   Thumb Code    12  glcd_spi_lpc1700.o(.text)
    GLCD_WrReg                               0x0000119d   Thumb Code    16  glcd_spi_lpc1700.o(.text)
    os_idle_demon                            0x00001221   Thumb Code     4  rtx_config.o(.text)
    os_tmr_call                              0x00001225   Thumb Code     2  rtx_config.o(.text)
    os_error                                 0x00001227   Thumb Code     4  rtx_config.o(.text)
    Free                                     0x0000122d   Thumb Code     6  uart.o(.text)
    Lock                                     0x00001233   Thumb Code    28  uart.o(.text)
    LockRcv                                  0x0000124f   Thumb Code    28  uart.o(.text)
    LockSnd                                  0x0000126b   Thumb Code    28  uart.o(.text)
    FreeRcv                                  0x00001287   Thumb Code    28  uart.o(.text)
    FreeSnd                                  0x000012a3   Thumb Code    28  uart.o(.text)
    UART0_IRQHandler                         0x000012bf   Thumb Code    86  uart.o(.text)
    UART1_IRQHandler                         0x00001315   Thumb Code    88  uart.o(.text)
    getFrequency                             0x0000136d   Thumb Code    64  uart.o(.text)
    UARTInit                                 0x000013ad   Thumb Code   176  uart.o(.text)
    UARTSend                                 0x0000145d   Thumb Code   112  uart.o(.text)
    UARTSendChar                             0x000014cd   Thumb Code    24  uart.o(.text)
    UARTRecieve                              0x000014e5   Thumb Code   134  uart.o(.text)
    UARTReceiveChar                          0x0000156b   Thumb Code    26  uart.o(.text)
    drawPixel                                0x000015d9   Thumb Code   108  main.o(.text)
    drawTank                                 0x00001645   Thumb Code   214  main.o(.text)
    clearTank                                0x0000171b   Thumb Code   424  main.o(.text)
    aimCannon                                0x000018c3   Thumb Code   154  main.o(.text)
    myleds                                   0x0000195d   Thumb Code     2  main.o(.text)
    moveTank                                 0x0000195f   Thumb Code   102  main.o(.text)
    start_tasks                              0x000019c5   Thumb Code    50  main.o(.text)
    main                                     0x000019f7   Thumb Code   326  main.o(.text)
    __aeabi_uldivmod                         0x00001b59   Thumb Code    98  c:\Software\Keil\ARM\ARMCC\bin\..\lib\armlib\mc_w.l(uldiv.o)(.text)
    rand                                     0x00001bbd   Thumb Code    20  c:\Software\Keil\ARM\ARMCC\bin\..\lib\armlib\mc_w.l(rand.o)(.text)
    srand                                    0x00001bd1   Thumb Code     6  c:\Software\Keil\ARM\ARMCC\bin\..\lib\armlib\mc_w.l(rand.o)(.text)
    __aeabi_uidiv                            0x00001be1   Thumb Code     0  c:\Software\Keil\ARM\ARMCC\bin\..\lib\armlib\mc_w.l(uidiv.o)(.text)
    __aeabi_uidivmod                         0x00001be1   Thumb Code    44  c:\Software\Keil\ARM\ARMCC\bin\..\lib\armlib\mc_w.l(uidiv.o)(.text)
    __aeabi_llsl                             0x00001c0d   Thumb Code    30  c:\Software\Keil\ARM\ARMCC\bin\..\lib\armlib\mc_w.l(llshl.o)(.text)
    _ll_shift_l                              0x00001c0d   Thumb Code     0  c:\Software\Keil\ARM\ARMCC\bin\..\lib\armlib\mc_w.l(llshl.o)(.text)
    __aeabi_llsr                             0x00001c2b   Thumb Code    32  c:\Software\Keil\ARM\ARMCC\bin\..\lib\armlib\mc_w.l(llushr.o)(.text)
    _ll_ushift_r                             0x00001c2b   Thumb Code     0  c:\Software\Keil\ARM\ARMCC\bin\..\lib\armlib\mc_w.l(llushr.o)(.text)
    __scatterload                            0x00001c4d   Thumb Code    28  c:\Software\Keil\ARM\ARMCC\bin\..\lib\armlib\mc_w.l(init.o)(.text)
    __scatterload_rt2                        0x00001c4d   Thumb Code     0  c:\Software\Keil\ARM\ARMCC\bin\..\lib\armlib\mc_w.l(init.o)(.text)
    __decompress                             0x00001c71   Thumb Code     0  c:\Software\Keil\ARM\ARMCC\bin\..\lib\armlib\mc_w.l(__dczerorl.o)(.text)
    __decompress0                            0x00001c71   Thumb Code    58  c:\Software\Keil\ARM\ARMCC\bin\..\lib\armlib\mc_w.l(__dczerorl.o)(.text)
    __0printf$1                              0x00001cad   Thumb Code    22  c:\Software\Keil\ARM\ARMCC\bin\..\lib\armlib\mc_w.l(printf1.o)(i.__0printf$1)
    __1printf$1                              0x00001cad   Thumb Code     0  c:\Software\Keil\ARM\ARMCC\bin\..\lib\armlib\mc_w.l(printf1.o)(i.__0printf$1)
    __2printf                                0x00001cad   Thumb Code     0  c:\Software\Keil\ARM\ARMCC\bin\..\lib\armlib\mc_w.l(printf1.o)(i.__0printf$1)
    __scatterload_copy                       0x00001ccd   Thumb Code    14  c:\Software\Keil\ARM\ARMCC\bin\..\lib\armlib\mc_w.l(handlers.o)(i.__scatterload_copy)
    __scatterload_null                       0x00001cdb   Thumb Code     2  c:\Software\Keil\ARM\ARMCC\bin\..\lib\armlib\mc_w.l(handlers.o)(i.__scatterload_null)
    __scatterload_zeroinit                   0x00001cdd   Thumb Code    14  c:\Software\Keil\ARM\ARMCC\bin\..\lib\armlib\mc_w.l(handlers.o)(i.__scatterload_zeroinit)
    _init_box                                0x00001ceb   Thumb Code    70  c:\Software\Keil\ARM\RV31\LIB\RTX_CM3.LIB(rt_membox.o)(i._init_box)
    dbg_init                                 0x00001e85   Thumb Code    34  c:\Software\Keil\ARM\RV31\LIB\RTX_CM3.LIB(hal_cm3.o)(i.dbg_init)
    dbg_task_notify                          0x00001eb5   Thumb Code    32  c:\Software\Keil\ARM\RV31\LIB\RTX_CM3.LIB(hal_cm3.o)(i.dbg_task_notify)
    dbg_task_switch                          0x00001ed5   Thumb Code    16  c:\Software\Keil\ARM\RV31\LIB\RTX_CM3.LIB(hal_cm3.o)(i.dbg_task_switch)
    os_tick_init                             0x00001ee5   Thumb Code    32  c:\Software\Keil\ARM\RV31\LIB\RTX_CM3.LIB(rt_system.o)(i.os_tick_init)
    os_tick_irqack                           0x00001f0d   Thumb Code     2  c:\Software\Keil\ARM\RV31\LIB\RTX_CM3.LIB(rt_system.o)(i.os_tick_irqack)
    rt_alloc_box                             0x00001f0f   Thumb Code    26  c:\Software\Keil\ARM\RV31\LIB\RTX_CM3.LIB(rt_membox.o)(i.rt_alloc_box)
    rt_chk_robin                             0x00001f29   Thumb Code    60  c:\Software\Keil\ARM\RV31\LIB\RTX_CM3.LIB(rt_robin.o)(i.rt_chk_robin)
    rt_dec_dly                               0x00001f71   Thumb Code   106  c:\Software\Keil\ARM\RV31\LIB\RTX_CM3.LIB(rt_list.o)(i.rt_dec_dly)
    rt_dispatch                              0x00001fe5   Thumb Code    60  c:\Software\Keil\ARM\RV31\LIB\RTX_CM3.LIB(rt_task.o)(i.rt_dispatch)
    rt_evt_psh                               0x00002029   Thumb Code    72  c:\Software\Keil\ARM\RV31\LIB\RTX_CM3.LIB(rt_event.o)(i.rt_evt_psh)
    rt_free_box                              0x00002075   Thumb Code    32  c:\Software\Keil\ARM\RV31\LIB\RTX_CM3.LIB(rt_membox.o)(i.rt_free_box)
    rt_get_first                             0x00002095   Thumb Code    40  c:\Software\Keil\ARM\RV31\LIB\RTX_CM3.LIB(rt_list.o)(i.rt_get_first)
    rt_get_same_rdy_prio                     0x000020bd   Thumb Code    26  c:\Software\Keil\ARM\RV31\LIB\RTX_CM3.LIB(rt_list.o)(i.rt_get_same_rdy_prio)
    rt_init_robin                            0x00002125   Thumb Code    14  c:\Software\Keil\ARM\RV31\LIB\RTX_CM3.LIB(rt_robin.o)(i.rt_init_robin)
    rt_init_stack                            0x0000213d   Thumb Code    70  c:\Software\Keil\ARM\RV31\LIB\RTX_CM3.LIB(hal_cm3.o)(i.rt_init_stack)
    rt_mbx_psh                               0x0000218d   Thumb Code   188  c:\Software\Keil\ARM\RV31\LIB\RTX_CM3.LIB(rt_mailbox.o)(i.rt_mbx_psh)
    rt_pop_req                               0x0000224d   Thumb Code   106  c:\Software\Keil\ARM\RV31\LIB\RTX_CM3.LIB(rt_system.o)(i.rt_pop_req)
    rt_put_prio                              0x000022c5   Thumb Code    54  c:\Software\Keil\ARM\RV31\LIB\RTX_CM3.LIB(rt_list.o)(i.rt_put_prio)
    rt_put_rdy_first                         0x000022fd   Thumb Code    14  c:\Software\Keil\ARM\RV31\LIB\RTX_CM3.LIB(rt_list.o)(i.rt_put_rdy_first)
    rt_rmv_dly                               0x00002311   Thumb Code    40  c:\Software\Keil\ARM\RV31\LIB\RTX_CM3.LIB(rt_list.o)(i.rt_rmv_dly)
    rt_rmv_list                              0x00002339   Thumb Code    44  c:\Software\Keil\ARM\RV31\LIB\RTX_CM3.LIB(rt_list.o)(i.rt_rmv_list)
    rt_sem_init                              0x00002369   Thumb Code    12  c:\Software\Keil\ARM\RV31\LIB\RTX_CM3.LIB(rt_semaphore.o)(i.rt_sem_init)
    rt_sem_psh                               0x00002375   Thumb Code    46  c:\Software\Keil\ARM\RV31\LIB\RTX_CM3.LIB(rt_semaphore.o)(i.rt_sem_psh)
    rt_stk_check                             0x000023a9   Thumb Code    28  c:\Software\Keil\ARM\RV31\LIB\RTX_CM3.LIB(rt_system.o)(i.rt_stk_check)
    rt_switch_req                            0x000023cd   Thumb Code    30  c:\Software\Keil\ARM\RV31\LIB\RTX_CM3.LIB(rt_task.o)(i.rt_switch_req)
    rt_sys_init                              0x000023f5   Thumb Code   266  c:\Software\Keil\ARM\RV31\LIB\RTX_CM3.LIB(rt_task.o)(i.rt_sys_init)
    rt_systick                               0x0000254d   Thumb Code    48  c:\Software\Keil\ARM\RV31\LIB\RTX_CM3.LIB(rt_system.o)(i.rt_systick)
    rt_tmr_tick                              0x00002589   Thumb Code    56  c:\Software\Keil\ARM\RV31\LIB\RTX_CM3.LIB(rt_timer.o)(i.rt_tmr_tick)
    rt_tsk_create                            0x000025c9   Thumb Code   126  c:\Software\Keil\ARM\RV31\LIB\RTX_CM3.LIB(rt_task.o)(i.rt_tsk_create)
    rt_tsk_delete                            0x0000265d   Thumb Code   162  c:\Software\Keil\ARM\RV31\LIB\RTX_CM3.LIB(rt_task.o)(i.rt_tsk_delete)
    rt_tsk_pass                              0x00002719   Thumb Code    38  c:\Software\Keil\ARM\RV31\LIB\RTX_CM3.LIB(rt_task.o)(i.rt_tsk_pass)
    Font_6x8_h                               0x00002748   Data         896  glcd_spi_lpc1700.o(.constdata)
    Font_16x24_h                             0x00002ac8   Data        5376  glcd_spi_lpc1700.o(.constdata)
    os_maxtaskrun                            0x00003fc8   Data           2  rtx_config.o(.constdata)
    os_stackinfo                             0x00003fcc   Data           4  rtx_config.o(.constdata)
    os_rrobin                                0x00003fd0   Data           4  rtx_config.o(.constdata)
    os_trv                                   0x00003fd4   Data           4  rtx_config.o(.constdata)
    os_flags                                 0x00003fd8   Data           1  rtx_config.o(.constdata)
    os_clockrate                             0x00003fdc   Data           4  rtx_config.o(.constdata)
    os_timernum                              0x00003fe0   Data           4  rtx_config.o(.constdata)
    mp_tcb_size                              0x00003fe4   Data           2  rtx_config.o(.constdata)
    mp_stk_size                              0x00003fe8   Data           4  rtx_config.o(.constdata)
    os_fifo_size                             0x00003fec   Data           1  rtx_config.o(.constdata)
    mp_tmr_size                              0x00003fee   Data           2  rtx_config.o(.constdata)
    Region$$Table$$Base                      0x00003ff0   Number         0  anon$$obj.o(Region$$Table)
    Region$$Table$$Limit                     0x00004010   Number         0  anon$$obj.o(Region$$Table)
    SystemCoreClock                          0x10000000   Data           4  system_lpc17xx.o(.data)
    uart_init_called                         0x10000010   Data           1  retarget.o(.data)
    __stdout                                 0x10000014   Data           4  retarget.o(.data)
    __stdin                                  0x10000018   Data           4  retarget.o(.data)
    m_tmr                                    0x1000001c   Data           4  rtx_config.o(.data)
    ITM_RxBuffer                             0x10000020   Data           4  uart.o(.data)
    UART0TxEmpty                             0x10000024   Data           1  uart.o(.data)
    UART1TxEmpty                             0x10000025   Data           1  uart.o(.data)
    UART0Count                               0x10000028   Data           4  uart.o(.data)
    UART1Count                               0x1000002c   Data           4  uart.o(.data)
    i                                        0x10000030   Data           4  uart.o(.data)
    UART0Status                              0x10000034   Data           4  uart.o(.data)
    UART1Status                              0x10000038   Data           4  uart.o(.data)
    RcvLock0                                 0x1000003c   Data           1  uart.o(.data)
    SndLock0                                 0x1000003d   Data           1  uart.o(.data)
    RcvLock1                                 0x1000003e   Data           1  uart.o(.data)
    SndLock1                                 0x1000003f   Data           1  uart.o(.data)
    moveDelay                                0x10000040   Data           4  main.o(.data)
    field                                    0x10000044   Data        6144  main.o(.data)
    move                                     0x10001844   Data           8  main.o(.data)
    os_tsk                                   0x1000184c   Data           8  c:\Software\Keil\ARM\RV31\LIB\RTX_CM3.LIB(rt_task.o)(.data)
    dbg_msg                                  0x10001854   Data           1  c:\Software\Keil\ARM\RV31\LIB\RTX_CM3.LIB(hal_cm3.o)(.data)
    os_tick_irqn                             0x1000185c   Data           4  c:\Software\Keil\ARM\RV31\LIB\RTX_CM3.LIB(rt_system.o)(.data)
    os_robin                                 0x10001860   Data           8  c:\Software\Keil\ARM\RV31\LIB\RTX_CM3.LIB(rt_robin.o)(.data)
    os_time                                  0x10001868   Data           4  c:\Software\Keil\ARM\RV31\LIB\RTX_CM3.LIB(rt_time.o)(.data)
    os_tmr                                   0x1000186c   Data           8  c:\Software\Keil\ARM\RV31\LIB\RTX_CM3.LIB(rt_timer.o)(.data)
    mp_tcb                                   0x10001878   Data         300  rtx_config.o(.bss)
    mp_stk                                   0x100019a8   Data        3600  rtx_config.o(.bss)
    os_fifo                                  0x100027b8   Data         132  rtx_config.o(.bss)
    os_active_TCB                            0x1000283c   Data          24  rtx_config.o(.bss)
    UART0Buffer                              0x10002854   Data          64  uart.o(.bss)
    UART1Buffer                              0x10002894   Data          64  uart.o(.bss)
    tank                                     0x100028d4   Data          16  main.o(.bss)
    os_idle_TCB                              0x100028e4   Data          48  c:\Software\Keil\ARM\RV31\LIB\RTX_CM3.LIB(rt_task.o)(.bss)
    os_rdy                                   0x10002914   Data          24  c:\Software\Keil\ARM\RV31\LIB\RTX_CM3.LIB(rt_list.o)(.bss)
    os_dly                                   0x1000292c   Data          24  c:\Software\Keil\ARM\RV31\LIB\RTX_CM3.LIB(rt_list.o)(.bss)
    __initial_sp                             0x10003e48   Data           0  startup_lpc17xx.o(STACK)



==============================================================================

Memory Map of the image

  Image Entry point : 0x000000cd

  Load Region LR_IROM1 (Base: 0x00000000, Size: 0x00005888, Max: 0x00080000, ABSOLUTE, COMPRESSED[0x00004058])

    Execution Region ER_IROM1 (Base: 0x00000000, Size: 0x00004010, Max: 0x00080000, ABSOLUTE)

    Base Addr    Size         Type   Attr      Idx    E Section Name        Object

    0x00000000   0x000000cc   Data   RO            3    RESET               startup_lpc17xx.o
    0x000000cc   0x00000000   Code   RO          812  * .ARM.Collect$$$$00000000  c:\Software\Keil\ARM\ARMCC\bin\..\lib\armlib\mc_w.l(entry.o)
    0x000000cc   0x00000004   Code   RO         1081    .ARM.Collect$$$$00000001  c:\Software\Keil\ARM\ARMCC\bin\..\lib\armlib\mc_w.l(entry2.o)
    0x000000d0   0x00000004   Code   RO         1084    .ARM.Collect$$$$00000004  c:\Software\Keil\ARM\ARMCC\bin\..\lib\armlib\mc_w.l(entry5.o)
    0x000000d4   0x00000000   Code   RO         1086    .ARM.Collect$$$$00000008  c:\Software\Keil\ARM\ARMCC\bin\..\lib\armlib\mc_w.l(entry7b.o)
    0x000000d4   0x00000008   Code   RO         1087    .ARM.Collect$$$$00000009  c:\Software\Keil\ARM\ARMCC\bin\..\lib\armlib\mc_w.l(entry8.o)
    0x000000dc   0x00000004   Code   RO         1082    .ARM.Collect$$$$00002712  c:\Software\Keil\ARM\ARMCC\bin\..\lib\armlib\mc_w.l(entry2.o)
    0x000000e0   0x00000154   Code   RO          400    .emb_text           c:\Software\Keil\ARM\RV31\LIB\RTX_CM3.LIB(hal_cm3.o)
    0x00000234   0x00000024   Code   RO            5    .text               startup_lpc17xx.o
    0x00000258   0x000000a0   Code   RO          149    .text               retarget.o
    0x000002f8   0x00000004   Code   RO          659    SVC_TABLE           c:\Software\Keil\ARM\RV31\LIB\RTX_CM3.LIB(SVC_Table.o)
    0x000002fc   0x00000004   Code   RO            4    .ARM.__at_0x02FC    startup_lpc17xx.o
    0x00000300   0x00000318   Code   RO           15    .text               system_lpc17xx.o
    0x00000618   0x00000c08   Code   RO          111    .text               glcd_spi_lpc1700.o
    0x00001220   0x0000000a   Code   RO          174    .text               rtx_config.o
    0x0000122a   0x00000002   PAD
    0x0000122c   0x000003ac   Code   RO          199    .text               uart.o
    0x000015d8   0x00000580   Code   RO          226    .text               main.o
    0x00001b58   0x00000062   Code   RO          815    .text               c:\Software\Keil\ARM\ARMCC\bin\..\lib\armlib\mc_w.l(uldiv.o)
    0x00001bba   0x00000002   PAD
    0x00001bbc   0x00000024   Code   RO          817    .text               c:\Software\Keil\ARM\ARMCC\bin\..\lib\armlib\mc_w.l(rand.o)
    0x00001be0   0x0000002c   Code   RO         1088    .text               c:\Software\Keil\ARM\ARMCC\bin\..\lib\armlib\mc_w.l(uidiv.o)
    0x00001c0c   0x0000001e   Code   RO         1090    .text               c:\Software\Keil\ARM\ARMCC\bin\..\lib\armlib\mc_w.l(llshl.o)
    0x00001c2a   0x00000020   Code   RO         1092    .text               c:\Software\Keil\ARM\ARMCC\bin\..\lib\armlib\mc_w.l(llushr.o)
    0x00001c4a   0x00000002   PAD
    0x00001c4c   0x00000024   Code   RO         1105    .text               c:\Software\Keil\ARM\ARMCC\bin\..\lib\armlib\mc_w.l(init.o)
    0x00001c70   0x0000003a   Code   RO         1119    .text               c:\Software\Keil\ARM\ARMCC\bin\..\lib\armlib\mc_w.l(__dczerorl.o)
    0x00001caa   0x00000002   PAD
    0x00001cac   0x00000020   Code   RO          865    i.__0printf$1       c:\Software\Keil\ARM\ARMCC\bin\..\lib\armlib\mc_w.l(printf1.o)
    0x00001ccc   0x0000000e   Code   RO         1113    i.__scatterload_copy  c:\Software\Keil\ARM\ARMCC\bin\..\lib\armlib\mc_w.l(handlers.o)
    0x00001cda   0x00000002   Code   RO         1114    i.__scatterload_null  c:\Software\Keil\ARM\ARMCC\bin\..\lib\armlib\mc_w.l(handlers.o)
    0x00001cdc   0x0000000e   Code   RO         1115    i.__scatterload_zeroinit  c:\Software\Keil\ARM\ARMCC\bin\..\lib\armlib\mc_w.l(handlers.o)
    0x00001cea   0x00000046   Code   RO          626    i._init_box         c:\Software\Keil\ARM\RV31\LIB\RTX_CM3.LIB(rt_membox.o)
    0x00001d30   0x00000154   Code   RO          872    i._printf_core      c:\Software\Keil\ARM\ARMCC\bin\..\lib\armlib\mc_w.l(printf1.o)
    0x00001e84   0x00000030   Code   RO          401    i.dbg_init          c:\Software\Keil\ARM\RV31\LIB\RTX_CM3.LIB(hal_cm3.o)
    0x00001eb4   0x00000020   Code   RO          402    i.dbg_task_notify   c:\Software\Keil\ARM\RV31\LIB\RTX_CM3.LIB(hal_cm3.o)
    0x00001ed4   0x00000010   Code   RO          403    i.dbg_task_switch   c:\Software\Keil\ARM\RV31\LIB\RTX_CM3.LIB(hal_cm3.o)
    0x00001ee4   0x00000028   Code   RO          442    i.os_tick_init      c:\Software\Keil\ARM\RV31\LIB\RTX_CM3.LIB(rt_system.o)
    0x00001f0c   0x00000002   Code   RO          443    i.os_tick_irqack    c:\Software\Keil\ARM\RV31\LIB\RTX_CM3.LIB(rt_system.o)
    0x00001f0e   0x0000001a   Code   RO          627    i.rt_alloc_box      c:\Software\Keil\ARM\RV31\LIB\RTX_CM3.LIB(rt_membox.o)
    0x00001f28   0x00000048   Code   RO          604    i.rt_chk_robin      c:\Software\Keil\ARM\RV31\LIB\RTX_CM3.LIB(rt_robin.o)
    0x00001f70   0x00000074   Code   RO          525    i.rt_dec_dly        c:\Software\Keil\ARM\RV31\LIB\RTX_CM3.LIB(rt_list.o)
    0x00001fe4   0x00000044   Code   RO          262    i.rt_dispatch       c:\Software\Keil\ARM\RV31\LIB\RTX_CM3.LIB(rt_task.o)
    0x00002028   0x0000004c   Code   RO          665    i.rt_evt_psh        c:\Software\Keil\ARM\RV31\LIB\RTX_CM3.LIB(rt_event.o)
    0x00002074   0x00000020   Code   RO          628    i.rt_free_box       c:\Software\Keil\ARM\RV31\LIB\RTX_CM3.LIB(rt_membox.o)
    0x00002094   0x00000028   Code   RO          526    i.rt_get_first      c:\Software\Keil\ARM\RV31\LIB\RTX_CM3.LIB(rt_list.o)
    0x000020bc   0x00000024   Code   RO          527    i.rt_get_same_rdy_prio  c:\Software\Keil\ARM\RV31\LIB\RTX_CM3.LIB(rt_list.o)
    0x000020e0   0x00000044   Code   RO          263    i.rt_init_context   c:\Software\Keil\ARM\RV31\LIB\RTX_CM3.LIB(rt_task.o)
    0x00002124   0x00000018   Code   RO          605    i.rt_init_robin     c:\Software\Keil\ARM\RV31\LIB\RTX_CM3.LIB(rt_robin.o)
    0x0000213c   0x00000050   Code   RO          404    i.rt_init_stack     c:\Software\Keil\ARM\RV31\LIB\RTX_CM3.LIB(hal_cm3.o)
    0x0000218c   0x000000c0   Code   RO          708    i.rt_mbx_psh        c:\Software\Keil\ARM\RV31\LIB\RTX_CM3.LIB(rt_mailbox.o)
    0x0000224c   0x00000078   Code   RO          444    i.rt_pop_req        c:\Software\Keil\ARM\RV31\LIB\RTX_CM3.LIB(rt_system.o)
    0x000022c4   0x00000036   Code   RO          530    i.rt_put_prio       c:\Software\Keil\ARM\RV31\LIB\RTX_CM3.LIB(rt_list.o)
    0x000022fa   0x00000002   PAD
    0x000022fc   0x00000014   Code   RO          531    i.rt_put_rdy_first  c:\Software\Keil\ARM\RV31\LIB\RTX_CM3.LIB(rt_list.o)
    0x00002310   0x00000028   Code   RO          533    i.rt_rmv_dly        c:\Software\Keil\ARM\RV31\LIB\RTX_CM3.LIB(rt_list.o)
    0x00002338   0x00000030   Code   RO          534    i.rt_rmv_list       c:\Software\Keil\ARM\RV31\LIB\RTX_CM3.LIB(rt_list.o)
    0x00002368   0x0000000c   Code   RO          361    i.rt_sem_init       c:\Software\Keil\ARM\RV31\LIB\RTX_CM3.LIB(rt_semaphore.o)
    0x00002374   0x00000034   Code   RO          362    i.rt_sem_psh        c:\Software\Keil\ARM\RV31\LIB\RTX_CM3.LIB(rt_semaphore.o)
    0x000023a8   0x00000024   Code   RO          447    i.rt_stk_check      c:\Software\Keil\ARM\RV31\LIB\RTX_CM3.LIB(rt_system.o)
    0x000023cc   0x00000028   Code   RO          264    i.rt_switch_req     c:\Software\Keil\ARM\RV31\LIB\RTX_CM3.LIB(rt_task.o)
    0x000023f4   0x00000158   Code   RO          265    i.rt_sys_init       c:\Software\Keil\ARM\RV31\LIB\RTX_CM3.LIB(rt_task.o)
    0x0000254c   0x0000003c   Code   RO          449    i.rt_systick        c:\Software\Keil\ARM\RV31\LIB\RTX_CM3.LIB(rt_system.o)
    0x00002588   0x00000040   Code   RO          787    i.rt_tmr_tick       c:\Software\Keil\ARM\RV31\LIB\RTX_CM3.LIB(rt_timer.o)
    0x000025c8   0x00000094   Code   RO          266    i.rt_tsk_create     c:\Software\Keil\ARM\RV31\LIB\RTX_CM3.LIB(rt_task.o)
    0x0000265c   0x000000bc   Code   RO          267    i.rt_tsk_delete     c:\Software\Keil\ARM\RV31\LIB\RTX_CM3.LIB(rt_task.o)
    0x00002718   0x00000030   Code   RO          268    i.rt_tsk_pass       c:\Software\Keil\ARM\RV31\LIB\RTX_CM3.LIB(rt_task.o)
    0x00002748   0x00001880   Data   RO          112    .constdata          glcd_spi_lpc1700.o
    0x00003fc8   0x00000028   Data   RO          176    .constdata          rtx_config.o
    0x00003ff0   0x00000020   Data   RO         1111    Region$$Table       anon$$obj.o


    Execution Region RW_IRAM1 (Base: 0x10000000, Size: 0x00003e48, Max: 0x00008000, ABSOLUTE, COMPRESSED[0x00000048])

    Base Addr    Size         Type   Attr      Idx    E Section Name        Object

    0x10000000   0x00000004   Data   RW           16    .data               system_lpc17xx.o
    0x10000004   0x00000009   Data   RW          113    .data               glcd_spi_lpc1700.o
    0x1000000d   0x00000003   PAD
    0x10000010   0x0000000c   Data   RW          150    .data               retarget.o
    0x1000001c   0x00000004   Data   RW          177    .data               rtx_config.o
    0x10000020   0x00000020   Data   RW          201    .data               uart.o
    0x10000040   0x0000180c   Data   RW          228    .data               main.o
    0x1000184c   0x00000008   Data   RW          272    .data               c:\Software\Keil\ARM\RV31\LIB\RTX_CM3.LIB(rt_task.o)
    0x10001854   0x00000001   Data   RW          405    .data               c:\Software\Keil\ARM\RV31\LIB\RTX_CM3.LIB(hal_cm3.o)
    0x10001855   0x00000003   PAD
    0x10001858   0x00000008   Data   RW          452    .data               c:\Software\Keil\ARM\RV31\LIB\RTX_CM3.LIB(rt_system.o)
    0x10001860   0x00000008   Data   RW          606    .data               c:\Software\Keil\ARM\RV31\LIB\RTX_CM3.LIB(rt_robin.o)
    0x10001868   0x00000004   Data   RW          756    .data               c:\Software\Keil\ARM\RV31\LIB\RTX_CM3.LIB(rt_time.o)
    0x1000186c   0x00000008   Data   RW          788    .data               c:\Software\Keil\ARM\RV31\LIB\RTX_CM3.LIB(rt_timer.o)
    0x10001874   0x00000004   Data   RW          818    .data               c:\Software\Keil\ARM\ARMCC\bin\..\lib\armlib\mc_w.l(rand.o)
    0x10001878   0x00000fdc   Zero   RW          175    .bss                rtx_config.o
    0x10002854   0x00000080   Zero   RW          200    .bss                uart.o
    0x100028d4   0x00000010   Zero   RW          227    .bss                main.o
    0x100028e4   0x00000030   Zero   RW          271    .bss                c:\Software\Keil\ARM\RV31\LIB\RTX_CM3.LIB(rt_task.o)
    0x10002914   0x00000030   Zero   RW          535    .bss                c:\Software\Keil\ARM\RV31\LIB\RTX_CM3.LIB(rt_list.o)
    0x10002944   0x00000004   PAD
    0x10002948   0x00001500   Zero   RW            1    STACK               startup_lpc17xx.o


==============================================================================

Image component sizes


      Code (inc. data)   RO Data    RW Data    ZI Data      Debug   Object Name

      3080         64       6272          9          0      25396   glcd_spi_lpc1700.o
      1408         80          0       6156         16       9782   main.o
       160          6          0         12          0       3119   retarget.o
        10          0         40          4       4060       8520   rtx_config.o
        40         12        204          0       5376        832   startup_lpc17xx.o
       792         78          0          4          0       5225   system_lpc17xx.o
       940         60          0         32        128      28875   uart.o

    ----------------------------------------------------------------------
      6432        300       6548       6220       9580      81749   Object Totals
         0          0         32          0          0          0   (incl. Generated)
         2          0          0          3          0          0   (incl. Padding)

    ----------------------------------------------------------------------

      Code (inc. data)   RO Data    RW Data    ZI Data      Debug   Library Member Name

         4          4          0          0          0        136   c:\Software\Keil\ARM\RV31\LIB\RTX_CM3.LIB(SVC_Table.o)
       516         56          0          1          0       2465   c:\Software\Keil\ARM\RV31\LIB\RTX_CM3.LIB(hal_cm3.o)
        76          4          0          0          0        541   c:\Software\Keil\ARM\RV31\LIB\RTX_CM3.LIB(rt_event.o)
       354         30          0          0         48       3295   c:\Software\Keil\ARM\RV31\LIB\RTX_CM3.LIB(rt_list.o)
       192          4          0          0          0        605   c:\Software\Keil\ARM\RV31\LIB\RTX_CM3.LIB(rt_mailbox.o)
       128          0          0          0          0       1489   c:\Software\Keil\ARM\RV31\LIB\RTX_CM3.LIB(rt_membox.o)
        96         22          0          8          0        962   c:\Software\Keil\ARM\RV31\LIB\RTX_CM3.LIB(rt_robin.o)
        64          6          0          0          0        855   c:\Software\Keil\ARM\RV31\LIB\RTX_CM3.LIB(rt_semaphore.o)
       258         42          0          8          0       2962   c:\Software\Keil\ARM\RV31\LIB\RTX_CM3.LIB(rt_system.o)
       904        158          0          8         48       6213   c:\Software\Keil\ARM\RV31\LIB\RTX_CM3.LIB(rt_task.o)
         0          0          0          4          0        150   c:\Software\Keil\ARM\RV31\LIB\RTX_CM3.LIB(rt_time.o)
        64          8          0          8          0        583   c:\Software\Keil\ARM\RV31\LIB\RTX_CM3.LIB(rt_timer.o)
        58          0          0          0          0          0   c:\Software\Keil\ARM\ARMCC\bin\..\lib\armlib\mc_w.l(__dczerorl.o)
         0          0          0          0          0          0   c:\Software\Keil\ARM\ARMCC\bin\..\lib\armlib\mc_w.l(entry.o)
         8          4          0          0          0          0   c:\Software\Keil\ARM\ARMCC\bin\..\lib\armlib\mc_w.l(entry2.o)
         4          0          0          0          0          0   c:\Software\Keil\ARM\ARMCC\bin\..\lib\armlib\mc_w.l(entry5.o)
         0          0          0          0          0          0   c:\Software\Keil\ARM\ARMCC\bin\..\lib\armlib\mc_w.l(entry7b.o)
         8          4          0          0          0          0   c:\Software\Keil\ARM\ARMCC\bin\..\lib\armlib\mc_w.l(entry8.o)
        30          0          0          0          0          0   c:\Software\Keil\ARM\ARMCC\bin\..\lib\armlib\mc_w.l(handlers.o)
        36          8          0          0          0         68   c:\Software\Keil\ARM\ARMCC\bin\..\lib\armlib\mc_w.l(init.o)
        30          0          0          0          0         68   c:\Software\Keil\ARM\ARMCC\bin\..\lib\armlib\mc_w.l(llshl.o)
        32          0          0          0          0         68   c:\Software\Keil\ARM\ARMCC\bin\..\lib\armlib\mc_w.l(llushr.o)
       372         16          0          0          0        180   c:\Software\Keil\ARM\ARMCC\bin\..\lib\armlib\mc_w.l(printf1.o)
        36         10          0          4          0        136   c:\Software\Keil\ARM\ARMCC\bin\..\lib\armlib\mc_w.l(rand.o)
        44          0          0          0          0         80   c:\Software\Keil\ARM\ARMCC\bin\..\lib\armlib\mc_w.l(uidiv.o)
        98          0          0          0          0         92   c:\Software\Keil\ARM\ARMCC\bin\..\lib\armlib\mc_w.l(uldiv.o)

    ----------------------------------------------------------------------
      3420        376          0         44        100      20948   Library Totals
         8          0          0          3          4          0   (incl. Padding)

    ----------------------------------------------------------------------

      Code (inc. data)   RO Data    RW Data    ZI Data      Debug   Library Name

      2656        334          0         37         96      20256   c:\Software\Keil\ARM\RV31\LIB\RTX_CM3.LIB
       756         42          0          4          0        692   c:\Software\Keil\ARM\ARMCC\bin\..\lib\armlib\mc_w.l

    ----------------------------------------------------------------------
      3420        376          0         44        100      20948   Library Totals

    ----------------------------------------------------------------------

==============================================================================


      Code (inc. data)   RO Data    RW Data    ZI Data      Debug   

      9852        676       6548       6264       9680     100149   Grand Totals
      9852        676       6548         72       9680     100149   ELF Image Totals (compressed)
      9852        676       6548         72          0          0   ROM Totals

==============================================================================

    Total RO  Size (Code + RO Data)                16400 (  16.02kB)
    Total RW  Size (RW Data + ZI Data)             15944 (  15.57kB)
    Total ROM Size (Code + RO Data + RW Data)      16472 (  16.09kB)

==============================================================================

