<html>
<body>
<pre>
<h1>µVision Build Log</h1>
<h2>Project:</h2>
N:\MTE241\game\Project2.uvproj
Project File Date:  06/26/2018

<h2>Output:</h2>
Build target 'Target 1'
assembling startup_LPC17xx.s...
compiling main.c...
linking...
Program Size: Code=9088 RO-data=6548 RW-data=6260 ZI-data=9684  
"Project2.axf" - 0 Error(s), 0 Warning(s).
Load "N:\\MTE241\\game\\Project2.AXF" 
Erase Done.
Programming Done.
Verify OK.
Build target 'Target 1'
compiling main.c...
linking...
Program Size: Code=9088 RO-data=6548 RW-data=6260 ZI-data=9684  
"Project2.axf" - 0 Error(s), 0 Warning(s).
Load "N:\\MTE241\\game\\Project2.AXF" 
Erase Done.
Programming Done.
Verify OK.
Build target 'Target 1'
compiling main.c...
linking...
Program Size: Code=9088 RO-data=6548 RW-data=6260 ZI-data=9684  
"Project2.axf" - 0 Error(s), 0 Warning(s).
Build target 'Target 1'
linking...
Program Size: Code=9088 RO-data=6548 RW-data=6260 ZI-data=9684  
"Project2.axf" - 0 Error(s), 0 Warning(s).
Load "N:\\MTE241\\game\\Project2.AXF" 
Erase Done.
Programming Done.
Verify OK.
Build target 'Target 1'
compiling main.c...
linking...
Program Size: Code=9088 RO-data=6548 RW-data=6260 ZI-data=9684  
"Project2.axf" - 0 Error(s), 0 Warning(s).
Build target 'Target 1'
linking...
Program Size: Code=9088 RO-data=6548 RW-data=6260 ZI-data=9684  
"Project2.axf" - 0 Error(s), 0 Warning(s).
Build target 'Target 1'
linking...
Program Size: Code=9088 RO-data=6548 RW-data=6260 ZI-data=9684  
"Project2.axf" - 0 Error(s), 0 Warning(s).
Load "N:\\MTE241\\game\\Project2.AXF" 
Erase Done.
Programming Done.
Verify OK.
Build target 'Target 1'
compiling main.c...
main.c(116): error:  #18: expected a ")"
main.c(130): warning:  #12-D: parsing restarts here after previous syntax error
main.c(130): error:  #127: expected a statement
Target not created
Build target 'Target 1'
compiling main.c...
main.c(116): error:  #18: expected a ")"
main.c(131): warning:  #12-D: parsing restarts here after previous syntax error
main.c(131): error:  #127: expected a statement
Target not created
compiling main.c...
main.c - 0 Error(s), 0 Warning(s).
Build target 'Target 1'
linking...
Program Size: Code=9240 RO-data=6548 RW-data=6260 ZI-data=9684  
"Project2.axf" - 0 Error(s), 0 Warning(s).
Load "N:\\MTE241\\game\\Project2.AXF" 
Erase Done.
Programming Done.
Verify OK.
Build target 'Target 1'
compiling main.c...
linking...
Program Size: Code=9252 RO-data=6548 RW-data=6260 ZI-data=9684  
"Project2.axf" - 0 Error(s), 0 Warning(s).
Load "N:\\MTE241\\game\\Project2.AXF" 
Erase Done.
Programming Done.
Verify OK.
Build target 'Target 1'
compiling main.c...
linking...
Program Size: Code=9256 RO-data=6548 RW-data=6260 ZI-data=9684  
"Project2.axf" - 0 Error(s), 0 Warning(s).
Load "N:\\MTE241\\game\\Project2.AXF" 
Erase Done.
Programming Done.
Verify OK.
Build target 'Target 1'
compiling main.c...
linking...
Program Size: Code=9632 RO-data=6548 RW-data=6260 ZI-data=9684  
"Project2.axf" - 0 Error(s), 0 Warning(s).
Load "N:\\MTE241\\game\\Project2.AXF" 
Erase Done.
Programming Done.
Verify OK.
Build target 'Target 1'
compiling main.c...
linking...
Program Size: Code=9700 RO-data=6548 RW-data=6260 ZI-data=9684  
"Project2.axf" - 0 Error(s), 0 Warning(s).
Load "N:\\MTE241\\game\\Project2.AXF" 
Erase Done.
Programming Done.
Verify OK.
Build target 'Target 1'
compiling main.c...
linking...
Program Size: Code=9324 RO-data=6548 RW-data=6260 ZI-data=9684  
"Project2.axf" - 0 Error(s), 0 Warning(s).
Load "N:\\MTE241\\game\\Project2.AXF" 
Erase Done.
Programming Done.
Verify OK.
Build target 'Target 1'
compiling main.c...
main.c(132): error:  #65: expected a ";"
Target not created
Build target 'Target 1'
compiling main.c...
linking...
Program Size: Code=9424 RO-data=6548 RW-data=6260 ZI-data=9684  
"Project2.axf" - 0 Error(s), 0 Warning(s).
Load "N:\\MTE241\\game\\Project2.AXF" 
Erase Done.
Programming Done.
Verify OK.
Build target 'Target 1'
compiling main.c...
linking...
Program Size: Code=9428 RO-data=6548 RW-data=6260 ZI-data=9684  
"Project2.axf" - 0 Error(s), 0 Warning(s).
Load "N:\\MTE241\\game\\Project2.AXF" 
Erase Done.
Programming Done.
Verify OK.
Build target 'Target 1'
compiling main.c...
main.c(115): warning:  #186-D: pointless comparison of unsigned integer with zero
linking...
Program Size: Code=9424 RO-data=6548 RW-data=6260 ZI-data=9684  
"Project2.axf" - 0 Error(s), 1 Warning(s).
Build target 'Target 1'
compiling main.c...
linking...
Program Size: Code=9420 RO-data=6548 RW-data=6260 ZI-data=9684  
"Project2.axf" - 0 Error(s), 0 Warning(s).
Build target 'Target 1'
compiling main.c...
linking...
Program Size: Code=9420 RO-data=6548 RW-data=6260 ZI-data=9684  
"Project2.axf" - 0 Error(s), 0 Warning(s).
Load "N:\\MTE241\\game\\Project2.AXF" 
Erase Done.
Programming Done.
Verify OK.
Build target 'Target 1'
compiling main.c...
linking...
Program Size: Code=9420 RO-data=6548 RW-data=6260 ZI-data=9684  
"Project2.axf" - 0 Error(s), 0 Warning(s).
Build target 'Target 1'
linking...
Program Size: Code=9420 RO-data=6548 RW-data=6260 ZI-data=9684  
"Project2.axf" - 0 Error(s), 0 Warning(s).
Build target 'Target 1'
linking...
Program Size: Code=9420 RO-data=6548 RW-data=6260 ZI-data=9684  
"Project2.axf" - 0 Error(s), 0 Warning(s).
Load "N:\\MTE241\\game\\Project2.AXF" 
Erase Done.
Programming Done.
Verify OK.
Build target 'Target 1'
compiling main.c...
linking...
Program Size: Code=9420 RO-data=6548 RW-data=6260 ZI-data=9684  
"Project2.axf" - 0 Error(s), 0 Warning(s).
Load "N:\\MTE241\\game\\Project2.AXF" 
Erase Done.
Programming Done.
Verify OK.
Build target 'Target 1'
compiling main.c...
linking...
Program Size: Code=9420 RO-data=6548 RW-data=6260 ZI-data=9684  
"Project2.axf" - 0 Error(s), 0 Warning(s).
Build target 'Target 1'
linking...
Program Size: Code=9420 RO-data=6548 RW-data=6260 ZI-data=9684  
"Project2.axf" - 0 Error(s), 0 Warning(s).
Build target 'Target 1'
linking...
Program Size: Code=9420 RO-data=6548 RW-data=6260 ZI-data=9684  
"Project2.axf" - 0 Error(s), 0 Warning(s).
Load "N:\\MTE241\\game\\Project2.AXF" 
Erase Done.
Programming Done.
Verify OK.
compiling main.c...
main.c - 0 Error(s), 0 Warning(s).
Build target 'Target 1'
linking...
Program Size: Code=9416 RO-data=6548 RW-data=6260 ZI-data=9684  
"Project2.axf" - 0 Error(s), 0 Warning(s).
Load "N:\\MTE241\\game\\Project2.AXF" 
Erase Done.
Programming Done.
Verify OK.
Load "N:\\MTE241\\game\\Project2.AXF" 
Erase Done.
Programming Done.
Verify OK.
Build target 'Target 1'
compiling main.c...
linking...
Program Size: Code=9428 RO-data=6548 RW-data=6260 ZI-data=9684  
"Project2.axf" - 0 Error(s), 0 Warning(s).
Load "N:\\MTE241\\game\\Project2.AXF" 
Erase Done.
Programming Done.
Verify OK.
Build target 'Target 1'
compiling main.c...
linking...
Program Size: Code=9428 RO-data=6548 RW-data=6260 ZI-data=9684  
"Project2.axf" - 0 Error(s), 0 Warning(s).
Load "N:\\MTE241\\game\\Project2.AXF" 
Erase Done.
Programming Done.
Verify OK.
Build target 'Target 1'
compiling main.c...
main.c(217): warning:  #223-D: function "rand" declared implicitly
linking...
Program Size: Code=9852 RO-data=6548 RW-data=6264 ZI-data=9680  
"Project2.axf" - 0 Error(s), 1 Warning(s).
Build target 'Target 1'
compiling main.c...
linking...
Program Size: Code=9852 RO-data=6548 RW-data=6264 ZI-data=9680  
"Project2.axf" - 0 Error(s), 0 Warning(s).
Build target 'Target 1'
compiling main.c...
linking...
Program Size: Code=9868 RO-data=6548 RW-data=6264 ZI-data=9680  
"Project2.axf" - 0 Error(s), 0 Warning(s).
Load "N:\\MTE241\\game\\Project2.AXF" 
Erase Done.
Programming Done.
Verify OK.
Build target 'Target 1'
compiling main.c...
linking...
Program Size: Code=9852 RO-data=6548 RW-data=6264 ZI-data=9680  
"Project2.axf" - 0 Error(s), 0 Warning(s).
Load "N:\\MTE241\\game\\Project2.AXF" 
Erase Done.
Programming Done.
Verify OK.
